{
    "-profile test": {
        "content": [
            {
                "BCFTOOLS_CONCAT": {
                    "bcftools": 1.22
                },
                "BCFTOOLS_SORT": {
                    "bcftools": 1.22
                },
                "BCFTOOLS_STATS": {
                    "bcftools": 1.22
                },
                "BUILD_INTERVALS": {
                    "gawk": "5.3.0"
                },
                "BWAMEM2_INDEX": {
                    "bwamem2": "2.2.1"
                },
                "BWAMEM2_MEM": {
                    "bwamem2": "2.2.1",
                    "samtools": "1.22.1"
                },
                "FASTP": {
                    "fastp": "1.0.1"
                },
                "GATK4_ADDORREPLACEREADGROUPS": {
                    "gatk4": "4.6.2.0"
                },
                "GATK4_ANALYZECOVARIATES": {
                    "gatk4": "4.6.2.0"
                },
                "GATK4_APPLYBQSR": {
                    "gatk4": "4.6.2.0"
                },
                "GATK4_BASERECALIBRATOR": {
                    "gatk4": "4.6.2.0"
                },
                "GATK4_CREATESEQUENCEDICTIONARY": {
                    "gatk4": "4.6.2.0"
                },
                "GATK4_GATHERBQSRREPORTS": {
                    "gatk4": "4.6.2.0"
                },
                "GATK4_GENOMICSDBIMPORT": {
                    "gatk4": "4.6.2.0"
                },
                "GATK4_GENOTYPEGVCFS": {
                    "gatk4": "4.6.2.0"
                },
                "GATK4_HAPLOTYPECALLER": {
                    "gatk4": "4.6.2.0"
                },
                "GATK4_MARKDUPLICATES": {
                    "gatk4": "4.6.2.0",
                    "samtools": 1.21
                },
                "GATK4_MERGEVCFS": {
                    "gatk4": "4.6.2.0"
                },
                "GATK4_SELECTVARIANTS": {
                    "gatk4": "4.6.2.0"
                },
                "GATK4_VARIANTFILTRATION": {
                    "gatk4": "4.6.2.0"
                },
                "MOSDEPTH": {
                    "mosdepth": "0.3.11"
                },
                "PRESEQ_CCURVE": {
                    "preseq": "3.2.0"
                },
                "SAMTOOLS_CONVERT": {
                    "samtools": "1.22.1"
                },
                "SAMTOOLS_FAIDX": {
                    "samtools": "1.22.1"
                },
                "SAMTOOLS_INDEX": {
                    "samtools": "1.22.1"
                },
                "SAMTOOLS_MERGE": {
                    "samtools": "1.22.1"
                },
                "SAMTOOLS_SORT": {
                    "samtools": "1.22.1"
                },
                "SAMTOOLS_STATS": {
                    "samtools": "1.22.1"
                },
                "Workflow": {
                    "nf-core/genomicrelatedness": "v1.0.0dev"
                }
            },
            [
                "called_variants_1.gatk.bcftools_stats.txt:md5,4a8785285ecc10c015788938e38c57d5",
                "NC_044995.1_Panubis1.0_Chr20.bed:md5,e973fbbbd6363c23e1fd972c6f285c9d",
                "interval_1.bed:md5,a7c0e86aa4c762a0ef781ae785c1f20d",
                "interval_2.bed:md5,2c50bcfbc014e4b01320692cd482e73e",
                "MC_24AB06_e04.mosdepth.global.dist.txt:md5,c238d13b4d9f7808dc409ae795529132",
                "MC_24AB06_e04.mosdepth.summary.txt:md5,53282edd59c46f03fa758693542b7c55",
                "MC_24AC01_e02.mosdepth.global.dist.txt:md5,a6bbf6a7089bd34e0d151d6d8d8862c4",
                "MC_24AC01_e02.mosdepth.summary.txt:md5,bca75509b0ce138d78a291297ee0aed2",
                "MC_24AB06_e04_S12_R1.fastp.fastq.gz:md5,bc74f0c299c500e3fbc6b67611fd2d4f",
                "MC_24AB06_e04_S12_R2.fastp.fastq.gz:md5,e87165281208b9041fa0ca2bb87bb1b5",
                "MC_24AC01_e02_S6_R1.fastp.fastq.gz:md5,7e714f0cb624361492bb072b8586f8d1",
                "MC_24AC01_e02_S6_R2.fastp.fastq.gz:md5,8c728088ff00ad4c42849dd4a3d0ca8e",
                "MC_24AB06_e04.stats:md5,e6df272cb69adc3d56569db0166fc51c",
                "MC_24AC01_e02.stats:md5,0845c034868d6507389335b5c715d3d5",
                "NC_044995.1_Panubis1.0_Chr20.dict:md5,158d9cc74b622c4c8362e661dbd697f9",
                "NC_044995.1_Panubis1.0_Chr20.fna.fai:md5,ba754a7bc3720a2b98acdf8750bd26fa",
                "NC_044995.1_Panubis1.0_Chr20.fna.0123:md5,8fb198d84815da8ac5ddd78880532ea2",
                "NC_044995.1_Panubis1.0_Chr20.fna.amb:md5,168bf2d2d8e9d1b71d1aad3580cb068c",
                "NC_044995.1_Panubis1.0_Chr20.fna.ann:md5,f22fdf584050106921f258f4679f4721",
                "NC_044995.1_Panubis1.0_Chr20.fna.bwt.2bit.64:md5,1cfeb1b13d1607385f3f69b0f828edc1",
                "NC_044995.1_Panubis1.0_Chr20.fna.pac:md5,8412c8495a23f5862cb54d39e9c8f90a",
                "called_variants.gatk.bcftools_stats.txt:md5,28e4ba752dbff7a673fadd2c6005586c"
            ],
            [
                "bootstrapping",
                "bootstrapping/round_1",
                "bootstrapping/round_1/bqsr",
                "bootstrapping/round_1/bqsr/MC_24AB06_e04_I1_1.table",
                "bootstrapping/round_1/bqsr/MC_24AB06_e04_I2_1.table",
                "bootstrapping/round_1/bqsr/MC_24AB06_e04_S12_1.table",
                "bootstrapping/round_1/bqsr/MC_24AC01_e02_I1_1.table",
                "bootstrapping/round_1/bqsr/MC_24AC01_e02_I2_1.table",
                "bootstrapping/round_1/bqsr/MC_24AC01_e02_S6_1.table",
                "bootstrapping/round_1/bqsr/cram",
                "bootstrapping/round_1/bqsr/cram/MC_24AB06_e04_I1_1.cram",
                "bootstrapping/round_1/bqsr/cram/MC_24AB06_e04_I2_1.cram",
                "bootstrapping/round_1/bqsr/cram/MC_24AC01_e02_I1_1.cram",
                "bootstrapping/round_1/bqsr/cram/MC_24AC01_e02_I2_1.cram",
                "bootstrapping/round_1/bqsr/cram/merged",
                "bootstrapping/round_1/bqsr/cram/merged/MC_24AB06_e04_S12_1_recalibrated.cram",
                "bootstrapping/round_1/bqsr/cram/merged/MC_24AB06_e04_S12_1_recalibrated.cram.crai",
                "bootstrapping/round_1/bqsr/cram/merged/MC_24AC01_e02_S6_1_recalibrated.cram",
                "bootstrapping/round_1/bqsr/cram/merged/MC_24AC01_e02_S6_1_recalibrated.cram.crai",
                "bootstrapping/round_1/bqsr/qc",
                "bootstrapping/round_1/bqsr/qc/MC_24AB06_e04_S12_1.csv",
                "bootstrapping/round_1/bqsr/qc/MC_24AB06_e04_S12_1.pdf",
                "bootstrapping/round_1/bqsr/qc/MC_24AC01_e02_S6_1.csv",
                "bootstrapping/round_1/bqsr/qc/MC_24AC01_e02_S6_1.pdf",
                "bootstrapping/round_1/bqsr/qc/second_pass_bqsr",
                "bootstrapping/round_1/bqsr/qc/second_pass_bqsr/MC_24AB06_e04_S12_1_I1_second_pass.table",
                "bootstrapping/round_1/bqsr/qc/second_pass_bqsr/MC_24AB06_e04_S12_1_I2_second_pass.table",
                "bootstrapping/round_1/bqsr/qc/second_pass_bqsr/MC_24AB06_e04_S12_1_second_pass.table",
                "bootstrapping/round_1/bqsr/qc/second_pass_bqsr/MC_24AC01_e02_S6_1_I1_second_pass.table",
                "bootstrapping/round_1/bqsr/qc/second_pass_bqsr/MC_24AC01_e02_S6_1_I2_second_pass.table",
                "bootstrapping/round_1/bqsr/qc/second_pass_bqsr/MC_24AC01_e02_S6_1_second_pass.table",
                "bootstrapping/round_1/stats",
                "bootstrapping/round_1/stats/called_variants_1.gatk.bcftools_stats.txt",
                "bootstrapping/round_1/variants",
                "bootstrapping/round_1/variants/I1_1_joint.sorted.vcf.gz",
                "bootstrapping/round_1/variants/I1_1_joint.vcf.gz",
                "bootstrapping/round_1/variants/I1_1_joint.vcf.gz.tbi",
                "bootstrapping/round_1/variants/I2_1_joint.sorted.vcf.gz",
                "bootstrapping/round_1/variants/I2_1_joint.vcf.gz",
                "bootstrapping/round_1/variants/I2_1_joint.vcf.gz.tbi",
                "bootstrapping/round_1/variants/MC_24AB06_e04_I1_1_gatk.vcf.gz",
                "bootstrapping/round_1/variants/MC_24AB06_e04_I1_1_gatk.vcf.gz.tbi",
                "bootstrapping/round_1/variants/MC_24AB06_e04_I2_1_gatk.vcf.gz",
                "bootstrapping/round_1/variants/MC_24AB06_e04_I2_1_gatk.vcf.gz.tbi",
                "bootstrapping/round_1/variants/MC_24AC01_e02_I1_1_gatk.vcf.gz",
                "bootstrapping/round_1/variants/MC_24AC01_e02_I1_1_gatk.vcf.gz.tbi",
                "bootstrapping/round_1/variants/MC_24AC01_e02_I2_1_gatk.vcf.gz",
                "bootstrapping/round_1/variants/MC_24AC01_e02_I2_1_gatk.vcf.gz.tbi",
                "bootstrapping/round_1/variants/db",
                "bootstrapping/round_1/variants/db/I1_1_joint",
                "bootstrapping/round_1/variants/db/I2_1_joint",
                "bootstrapping/round_1/variants/filtered",
                "bootstrapping/round_1/variants/filtered/called_variants_1.gatk.filtered.selected.vcf.gz",
                "bootstrapping/round_1/variants/filtered/called_variants_1.gatk.filtered.selected.vcf.gz.tbi",
                "bootstrapping/round_1/variants/filtered/called_variants_1.gatk.filtered.vcf.gz",
                "bootstrapping/round_1/variants/filtered/called_variants_1.gatk.filtered.vcf.gz.tbi",
                "bootstrapping/round_1/variants/merged",
                "bootstrapping/round_1/variants/merged/called_variants_1.gatk.vcf.gz",
                "bootstrapping/round_1/variants/merged/called_variants_1.gatk.vcf.gz.tbi",
                "intervals",
                "intervals/NC_044995.1_Panubis1.0_Chr20.bed",
                "intervals/interval_1.bed",
                "intervals/interval_2.bed",
                "multiqc",
                "multiqc/multiqc_data",
                "multiqc/multiqc_data/bcftools-stats-subtypes.txt",
                "multiqc/multiqc_data/bcftools_stats_indel-lengths.txt",
                "multiqc/multiqc_data/bcftools_stats_variant_depths.txt",
                "multiqc/multiqc_data/bcftools_stats_vqc_Count_Indels.txt",
                "multiqc/multiqc_data/bcftools_stats_vqc_Count_SNP.txt",
                "multiqc/multiqc_data/bcftools_stats_vqc_Count_Transitions.txt",
                "multiqc/multiqc_data/bcftools_stats_vqc_Count_Transversions.txt",
                "multiqc/multiqc_data/fastp-insert-size-plot.txt",
                "multiqc/multiqc_data/fastp-seq-content-gc-plot_Read_1_After_filtering.txt",
                "multiqc/multiqc_data/fastp-seq-content-gc-plot_Read_1_Before_filtering.txt",
                "multiqc/multiqc_data/fastp-seq-content-gc-plot_Read_2_After_filtering.txt",
                "multiqc/multiqc_data/fastp-seq-content-gc-plot_Read_2_Before_filtering.txt",
                "multiqc/multiqc_data/fastp-seq-content-n-plot_Read_1_After_filtering.txt",
                "multiqc/multiqc_data/fastp-seq-content-n-plot_Read_1_Before_filtering.txt",
                "multiqc/multiqc_data/fastp-seq-content-n-plot_Read_2_After_filtering.txt",
                "multiqc/multiqc_data/fastp-seq-content-n-plot_Read_2_Before_filtering.txt",
                "multiqc/multiqc_data/fastp-seq-quality-plot_Read_1_After_filtering.txt",
                "multiqc/multiqc_data/fastp-seq-quality-plot_Read_1_Before_filtering.txt",
                "multiqc/multiqc_data/fastp-seq-quality-plot_Read_2_After_filtering.txt",
                "multiqc/multiqc_data/fastp-seq-quality-plot_Read_2_Before_filtering.txt",
                "multiqc/multiqc_data/fastp_filtered_reads_plot.txt",
                "multiqc/multiqc_data/llms-full.txt",
                "multiqc/multiqc_data/mosdepth-coverage-per-contig-single.txt",
                "multiqc/multiqc_data/mosdepth-cumcoverage-dist-id.txt",
                "multiqc/multiqc_data/mosdepth_cov_dist.txt",
                "multiqc/multiqc_data/mosdepth_cumcov_dist.txt",
                "multiqc/multiqc_data/mosdepth_perchrom.txt",
                "multiqc/multiqc_data/multiqc.log",
                "multiqc/multiqc_data/multiqc.parquet",
                "multiqc/multiqc_data/multiqc_bcftools_stats.txt",
                "multiqc/multiqc_data/multiqc_citations.txt",
                "multiqc/multiqc_data/multiqc_data.json",
                "multiqc/multiqc_data/multiqc_fastp.txt",
                "multiqc/multiqc_data/multiqc_general_stats.txt",
                "multiqc/multiqc_data/multiqc_picard_dups.txt",
                "multiqc/multiqc_data/multiqc_samtools_stats.txt",
                "multiqc/multiqc_data/multiqc_software_versions.txt",
                "multiqc/multiqc_data/multiqc_sources.txt",
                "multiqc/multiqc_data/picard_MarkIlluminaAdapters_histogram.txt",
                "multiqc/multiqc_data/picard_MeanQualityByCycle_histogram.txt",
                "multiqc/multiqc_data/picard_MeanQualityByCycle_histogram_1.txt",
                "multiqc/multiqc_data/picard_QualityScoreDistribution_histogram.txt",
                "multiqc/multiqc_data/picard_deduplication.txt",
                "multiqc/multiqc_data/preseq.txt",
                "multiqc/multiqc_data/preseq_complexity_plot_molecules.txt",
                "multiqc/multiqc_data/samtools-stats-dp.txt",
                "multiqc/multiqc_data/samtools_alignment_plot.txt",
                "multiqc/multiqc_plots",
                "multiqc/multiqc_plots/pdf",
                "multiqc/multiqc_plots/pdf/bcftools-stats-subtypes-cnt.pdf",
                "multiqc/multiqc_plots/pdf/bcftools-stats-subtypes-pct.pdf",
                "multiqc/multiqc_plots/pdf/bcftools_stats_indel-lengths-cnt.pdf",
                "multiqc/multiqc_plots/pdf/bcftools_stats_indel-lengths-log.pdf",
                "multiqc/multiqc_plots/pdf/bcftools_stats_variant_depths.pdf",
                "multiqc/multiqc_plots/pdf/bcftools_stats_vqc_Count_Indels.pdf",
                "multiqc/multiqc_plots/pdf/bcftools_stats_vqc_Count_SNP.pdf",
                "multiqc/multiqc_plots/pdf/bcftools_stats_vqc_Count_Transitions.pdf",
                "multiqc/multiqc_plots/pdf/bcftools_stats_vqc_Count_Transversions.pdf",
                "multiqc/multiqc_plots/pdf/fastp-insert-size-plot.pdf",
                "multiqc/multiqc_plots/pdf/fastp-seq-content-gc-plot_Read_1_After_filtering.pdf",
                "multiqc/multiqc_plots/pdf/fastp-seq-content-gc-plot_Read_1_Before_filtering.pdf",
                "multiqc/multiqc_plots/pdf/fastp-seq-content-gc-plot_Read_2_After_filtering.pdf",
                "multiqc/multiqc_plots/pdf/fastp-seq-content-gc-plot_Read_2_Before_filtering.pdf",
                "multiqc/multiqc_plots/pdf/fastp-seq-content-n-plot_Read_1_After_filtering.pdf",
                "multiqc/multiqc_plots/pdf/fastp-seq-content-n-plot_Read_1_Before_filtering.pdf",
                "multiqc/multiqc_plots/pdf/fastp-seq-content-n-plot_Read_2_After_filtering.pdf",
                "multiqc/multiqc_plots/pdf/fastp-seq-content-n-plot_Read_2_Before_filtering.pdf",
                "multiqc/multiqc_plots/pdf/fastp-seq-quality-plot_Read_1_After_filtering.pdf",
                "multiqc/multiqc_plots/pdf/fastp-seq-quality-plot_Read_1_Before_filtering.pdf",
                "multiqc/multiqc_plots/pdf/fastp-seq-quality-plot_Read_2_After_filtering.pdf",
                "multiqc/multiqc_plots/pdf/fastp-seq-quality-plot_Read_2_Before_filtering.pdf",
                "multiqc/multiqc_plots/pdf/fastp_filtered_reads_plot-cnt.pdf",
                "multiqc/multiqc_plots/pdf/fastp_filtered_reads_plot-pct.pdf",
                "multiqc/multiqc_plots/pdf/mosdepth-coverage-per-contig-single-cnt.pdf",
                "multiqc/multiqc_plots/pdf/mosdepth-coverage-per-contig-single-pct.pdf",
                "multiqc/multiqc_plots/pdf/mosdepth-cumcoverage-dist-id.pdf",
                "multiqc/multiqc_plots/pdf/picard_deduplication-cnt.pdf",
                "multiqc/multiqc_plots/pdf/picard_deduplication-pct.pdf",
                "multiqc/multiqc_plots/pdf/preseq_complexity_plot_molecules.pdf",
                "multiqc/multiqc_plots/pdf/samtools-stats-dp.pdf",
                "multiqc/multiqc_plots/pdf/samtools_alignment_plot-cnt.pdf",
                "multiqc/multiqc_plots/pdf/samtools_alignment_plot-pct.pdf",
                "multiqc/multiqc_plots/png",
                "multiqc/multiqc_plots/png/bcftools-stats-subtypes-cnt.png",
                "multiqc/multiqc_plots/png/bcftools-stats-subtypes-pct.png",
                "multiqc/multiqc_plots/png/bcftools_stats_indel-lengths-cnt.png",
                "multiqc/multiqc_plots/png/bcftools_stats_indel-lengths-log.png",
                "multiqc/multiqc_plots/png/bcftools_stats_variant_depths.png",
                "multiqc/multiqc_plots/png/bcftools_stats_vqc_Count_Indels.png",
                "multiqc/multiqc_plots/png/bcftools_stats_vqc_Count_SNP.png",
                "multiqc/multiqc_plots/png/bcftools_stats_vqc_Count_Transitions.png",
                "multiqc/multiqc_plots/png/bcftools_stats_vqc_Count_Transversions.png",
                "multiqc/multiqc_plots/png/fastp-insert-size-plot.png",
                "multiqc/multiqc_plots/png/fastp-seq-content-gc-plot_Read_1_After_filtering.png",
                "multiqc/multiqc_plots/png/fastp-seq-content-gc-plot_Read_1_Before_filtering.png",
                "multiqc/multiqc_plots/png/fastp-seq-content-gc-plot_Read_2_After_filtering.png",
                "multiqc/multiqc_plots/png/fastp-seq-content-gc-plot_Read_2_Before_filtering.png",
                "multiqc/multiqc_plots/png/fastp-seq-content-n-plot_Read_1_After_filtering.png",
                "multiqc/multiqc_plots/png/fastp-seq-content-n-plot_Read_1_Before_filtering.png",
                "multiqc/multiqc_plots/png/fastp-seq-content-n-plot_Read_2_After_filtering.png",
                "multiqc/multiqc_plots/png/fastp-seq-content-n-plot_Read_2_Before_filtering.png",
                "multiqc/multiqc_plots/png/fastp-seq-quality-plot_Read_1_After_filtering.png",
                "multiqc/multiqc_plots/png/fastp-seq-quality-plot_Read_1_Before_filtering.png",
                "multiqc/multiqc_plots/png/fastp-seq-quality-plot_Read_2_After_filtering.png",
                "multiqc/multiqc_plots/png/fastp-seq-quality-plot_Read_2_Before_filtering.png",
                "multiqc/multiqc_plots/png/fastp_filtered_reads_plot-cnt.png",
                "multiqc/multiqc_plots/png/fastp_filtered_reads_plot-pct.png",
                "multiqc/multiqc_plots/png/mosdepth-coverage-per-contig-single-cnt.png",
                "multiqc/multiqc_plots/png/mosdepth-coverage-per-contig-single-pct.png",
                "multiqc/multiqc_plots/png/mosdepth-cumcoverage-dist-id.png",
                "multiqc/multiqc_plots/png/picard_deduplication-cnt.png",
                "multiqc/multiqc_plots/png/picard_deduplication-pct.png",
                "multiqc/multiqc_plots/png/preseq_complexity_plot_molecules.png",
                "multiqc/multiqc_plots/png/samtools-stats-dp.png",
                "multiqc/multiqc_plots/png/samtools_alignment_plot-cnt.png",
                "multiqc/multiqc_plots/png/samtools_alignment_plot-pct.png",
                "multiqc/multiqc_plots/svg",
                "multiqc/multiqc_plots/svg/bcftools-stats-subtypes-cnt.svg",
                "multiqc/multiqc_plots/svg/bcftools-stats-subtypes-pct.svg",
                "multiqc/multiqc_plots/svg/bcftools_stats_indel-lengths-cnt.svg",
                "multiqc/multiqc_plots/svg/bcftools_stats_indel-lengths-log.svg",
                "multiqc/multiqc_plots/svg/bcftools_stats_variant_depths.svg",
                "multiqc/multiqc_plots/svg/bcftools_stats_vqc_Count_Indels.svg",
                "multiqc/multiqc_plots/svg/bcftools_stats_vqc_Count_SNP.svg",
                "multiqc/multiqc_plots/svg/bcftools_stats_vqc_Count_Transitions.svg",
                "multiqc/multiqc_plots/svg/bcftools_stats_vqc_Count_Transversions.svg",
                "multiqc/multiqc_plots/svg/fastp-insert-size-plot.svg",
                "multiqc/multiqc_plots/svg/fastp-seq-content-gc-plot_Read_1_After_filtering.svg",
                "multiqc/multiqc_plots/svg/fastp-seq-content-gc-plot_Read_1_Before_filtering.svg",
                "multiqc/multiqc_plots/svg/fastp-seq-content-gc-plot_Read_2_After_filtering.svg",
                "multiqc/multiqc_plots/svg/fastp-seq-content-gc-plot_Read_2_Before_filtering.svg",
                "multiqc/multiqc_plots/svg/fastp-seq-content-n-plot_Read_1_After_filtering.svg",
                "multiqc/multiqc_plots/svg/fastp-seq-content-n-plot_Read_1_Before_filtering.svg",
                "multiqc/multiqc_plots/svg/fastp-seq-content-n-plot_Read_2_After_filtering.svg",
                "multiqc/multiqc_plots/svg/fastp-seq-content-n-plot_Read_2_Before_filtering.svg",
                "multiqc/multiqc_plots/svg/fastp-seq-quality-plot_Read_1_After_filtering.svg",
                "multiqc/multiqc_plots/svg/fastp-seq-quality-plot_Read_1_Before_filtering.svg",
                "multiqc/multiqc_plots/svg/fastp-seq-quality-plot_Read_2_After_filtering.svg",
                "multiqc/multiqc_plots/svg/fastp-seq-quality-plot_Read_2_Before_filtering.svg",
                "multiqc/multiqc_plots/svg/fastp_filtered_reads_plot-cnt.svg",
                "multiqc/multiqc_plots/svg/fastp_filtered_reads_plot-pct.svg",
                "multiqc/multiqc_plots/svg/mosdepth-coverage-per-contig-single-cnt.svg",
                "multiqc/multiqc_plots/svg/mosdepth-coverage-per-contig-single-pct.svg",
                "multiqc/multiqc_plots/svg/mosdepth-cumcoverage-dist-id.svg",
                "multiqc/multiqc_plots/svg/picard_deduplication-cnt.svg",
                "multiqc/multiqc_plots/svg/picard_deduplication-pct.svg",
                "multiqc/multiqc_plots/svg/preseq_complexity_plot_molecules.svg",
                "multiqc/multiqc_plots/svg/samtools-stats-dp.svg",
                "multiqc/multiqc_plots/svg/samtools_alignment_plot-cnt.svg",
                "multiqc/multiqc_plots/svg/samtools_alignment_plot-pct.svg",
                "multiqc/multiqc_report.html",
                "pipeline_info",
                "pipeline_info/nf_core_genomicrelatedness_software_mqc_versions.yml",
                "preprocessing",
                "preprocessing/alignment",
                "preprocessing/alignment/bam",
                "preprocessing/alignment/bam/MC_24AB06_e04_S12_sorted.bam",
                "preprocessing/alignment/bam/MC_24AC01_e02_S6_sorted.bam",
                "preprocessing/alignment/bam/bwamem2",
                "preprocessing/alignment/bam/bwamem2/MC_24AB06_e04_S12.bam",
                "preprocessing/alignment/bam/bwamem2/MC_24AC01_e02_S6.bam",
                "preprocessing/alignment/bam/merged",
                "preprocessing/alignment/bam/merged/MC_24AB06_e04_merged.bam",
                "preprocessing/alignment/bam/merged/MC_24AC01_e02_merged.bam",
                "preprocessing/alignment/bam/rgadded",
                "preprocessing/alignment/bam/rgadded/MC_24AB06_e04_S12_sorted.rgadded.bam",
                "preprocessing/alignment/bam/rgadded/MC_24AC01_e02_S6_sorted.rgadded.bam",
                "preprocessing/alignment/cram",
                "preprocessing/alignment/cram/MC_24AB06_e04.cram",
                "preprocessing/alignment/cram/MC_24AB06_e04.cram.crai",
                "preprocessing/alignment/cram/MC_24AC01_e02.cram",
                "preprocessing/alignment/cram/MC_24AC01_e02.cram.crai",
                "preprocessing/coverage",
                "preprocessing/coverage/MC_24AB06_e04.mosdepth.global.dist.txt",
                "preprocessing/coverage/MC_24AB06_e04.mosdepth.summary.txt",
                "preprocessing/coverage/MC_24AC01_e02.mosdepth.global.dist.txt",
                "preprocessing/coverage/MC_24AC01_e02.mosdepth.summary.txt",
                "preprocessing/fastp",
                "preprocessing/fastp/MC_24AB06_e04_S12.fastp.html",
                "preprocessing/fastp/MC_24AB06_e04_S12.fastp.json",
                "preprocessing/fastp/MC_24AB06_e04_S12.fastp.log",
                "preprocessing/fastp/MC_24AB06_e04_S12_R1.fastp.fastq.gz",
                "preprocessing/fastp/MC_24AB06_e04_S12_R2.fastp.fastq.gz",
                "preprocessing/fastp/MC_24AC01_e02_S6.fastp.html",
                "preprocessing/fastp/MC_24AC01_e02_S6.fastp.json",
                "preprocessing/fastp/MC_24AC01_e02_S6.fastp.log",
                "preprocessing/fastp/MC_24AC01_e02_S6_R1.fastp.fastq.gz",
                "preprocessing/fastp/MC_24AC01_e02_S6_R2.fastp.fastq.gz",
                "preprocessing/preseq",
                "preprocessing/stats",
                "preprocessing/stats/MC_24AB06_e04.stats",
                "preprocessing/stats/MC_24AC01_e02.stats",
                "reference_genome",
                "reference_genome/NC_044995.1_Panubis1.0_Chr20.dict",
                "reference_genome/NC_044995.1_Panubis1.0_Chr20.fna.fai",
                "reference_genome/bwamem2",
                "reference_genome/bwamem2/NC_044995.1_Panubis1.0_Chr20.fna.0123",
                "reference_genome/bwamem2/NC_044995.1_Panubis1.0_Chr20.fna.amb",
                "reference_genome/bwamem2/NC_044995.1_Panubis1.0_Chr20.fna.ann",
                "reference_genome/bwamem2/NC_044995.1_Panubis1.0_Chr20.fna.bwt.2bit.64",
                "reference_genome/bwamem2/NC_044995.1_Panubis1.0_Chr20.fna.pac",
                "variant_calling",
                "variant_calling/bcftools",
                "variant_calling/bcftools/I1.called.vcf.gz",
                "variant_calling/bcftools/I1.called.vcf.gz.tbi",
                "variant_calling/bcftools/I1.mpileup.vcf.gz",
                "variant_calling/bcftools/I2.called.vcf.gz",
                "variant_calling/bcftools/I2.called.vcf.gz.tbi",
                "variant_calling/bcftools/I2.mpileup.vcf.gz",
                "variant_calling/bcftools/bam",
                "variant_calling/bcftools/bam/MC_24AB06_e04_S12_1.bam",
                "variant_calling/bcftools/bam/MC_24AC01_e02_S6_1.bam",
                "variant_calling/bcftools/merged",
                "variant_calling/bcftools/merged/called_variants.bcftools.vcf.gz",
                "variant_calling/bcftools/merged/called_variants.bcftools.vcf.gz.tbi",
                "variant_calling/gatk",
                "variant_calling/gatk/I1_joint.sorted.vcf.gz",
                "variant_calling/gatk/I1_joint.vcf.gz",
                "variant_calling/gatk/I1_joint.vcf.gz.tbi",
                "variant_calling/gatk/I2_joint.sorted.vcf.gz",
                "variant_calling/gatk/I2_joint.vcf.gz",
                "variant_calling/gatk/I2_joint.vcf.gz.tbi",
                "variant_calling/gatk/MC_24AB06_e04_S12_1_I1_gatk.vcf.gz",
                "variant_calling/gatk/MC_24AB06_e04_S12_1_I1_gatk.vcf.gz.tbi",
                "variant_calling/gatk/MC_24AB06_e04_S12_1_I2_gatk.vcf.gz",
                "variant_calling/gatk/MC_24AB06_e04_S12_1_I2_gatk.vcf.gz.tbi",
                "variant_calling/gatk/MC_24AC01_e02_S6_1_I1_gatk.vcf.gz",
                "variant_calling/gatk/MC_24AC01_e02_S6_1_I1_gatk.vcf.gz.tbi",
                "variant_calling/gatk/MC_24AC01_e02_S6_1_I2_gatk.vcf.gz",
                "variant_calling/gatk/MC_24AC01_e02_S6_1_I2_gatk.vcf.gz.tbi",
                "variant_calling/gatk/db",
                "variant_calling/gatk/db/I1_joint",
                "variant_calling/gatk/db/I2_joint",
                "variant_calling/gatk/merged",
                "variant_calling/gatk/merged/called_variants.gatk.vcf.gz",
                "variant_calling/gatk/merged/called_variants.gatk.vcf.gz.tbi",
                "variant_calling/gatk/stats",
                "variant_calling/gatk/stats/called_variants.gatk.bcftools_stats.txt"
            ]
        ],
        "meta": {
            "nf-test": "0.9.3",
            "nextflow": "25.10.3"
        },
        "timestamp": "2026-02-09T15:54:26.466645607"
    }
}