{
    "-profile test": {
        "content": [
            {
                "BCFTOOLS_CONCAT": {
                    "bcftools": 1.22
                },
                "BCFTOOLS_SORT": {
                    "bcftools": 1.22
                },
                "BCFTOOLS_STATS": {
                    "bcftools": 1.22
                },
                "BUILD_INTERVALS": {
                    "gawk": "5.3.0"
                },
                "BWAMEM2_INDEX": {
                    "bwamem2": "2.2.1"
                },
                "BWAMEM2_MEM": {
                    "bwamem2": "2.2.1",
                    "samtools": "1.22.1"
                },
                "FASTP": {
                    "fastp": "1.0.1"
                },
                "GATK4_ADDORREPLACEREADGROUPS": {
                    "gatk4": "4.6.2.0"
                },
                "GATK4_ANALYZECOVARIATES": {
                    "gatk4": "4.6.2.0"
                },
                "GATK4_APPLYBQSR": {
                    "gatk4": "4.6.2.0"
                },
                "GATK4_BASERECALIBRATOR": {
                    "gatk4": "4.6.2.0"
                },
                "GATK4_CREATESEQUENCEDICTIONARY": {
                    "gatk4": "4.6.2.0"
                },
                "GATK4_GATHERBQSRREPORTS": {
                    "gatk4": "4.6.2.0"
                },
                "GATK4_GENOMICSDBIMPORT": {
                    "gatk4": "4.6.2.0"
                },
                "GATK4_GENOTYPEGVCFS": {
                    "gatk4": "4.6.2.0"
                },
                "GATK4_HAPLOTYPECALLER": {
                    "gatk4": "4.6.2.0"
                },
                "GATK4_MARKDUPLICATES": {
                    "gatk4": "4.6.2.0",
                    "samtools": 1.21
                },
                "GATK4_MERGEVCFS": {
                    "gatk4": "4.6.2.0"
                },
                "GATK4_SELECTVARIANTS": {
                    "gatk4": "4.6.2.0"
                },
                "GATK4_VARIANTFILTRATION": {
                    "gatk4": "4.6.2.0"
                },
                "MOSDEPTH": {
                    "mosdepth": "0.3.11"
                },
                "PRESEQ_CCURVE": {
                    "preseq": "3.2.0"
                },
                "SAMTOOLS_CONVERT": {
                    "samtools": "1.22.1"
                },
                "SAMTOOLS_FAIDX": {
                    "samtools": "1.22.1"
                },
                "SAMTOOLS_INDEX": {
                    "samtools": "1.22.1"
                },
                "SAMTOOLS_MERGE": {
                    "samtools": "1.22.1"
                },
                "SAMTOOLS_STATS": {
                    "samtools": "1.22.1"
                },
                "SPLIT_INTERVALS": {
                    "python": "3.14.2"
                },
                "Workflow": {
                    "Nextflow": "25.10.3",
                    "nf-core/genomicrelatedness": "v1.0.0dev"
                }
            },
            [
                "called_variants_1.gatk.bcftools_stats.txt:md5,e1d373e4ee92fa5796f752c2f6422aeb",
                "__tiledb_workspace.tdb:md5,d41d8cd98f00b204e9800998ecf8427e",
                "callset.json:md5,12fb525d08a694d1a61d5dabbe7cc1b0",
                "vidmap.json:md5,a194082caa9c9f1d9c2a0bd14df22377",
                "__tiledb_workspace.tdb:md5,d41d8cd98f00b204e9800998ecf8427e",
                "callset.json:md5,12fb525d08a694d1a61d5dabbe7cc1b0",
                "vidmap.json:md5,a194082caa9c9f1d9c2a0bd14df22377",
                "NC_044995.1_Panubis1.0_Chr20.bed:md5,e973fbbbd6363c23e1fd972c6f285c9d",
                "interval_1.bed:md5,a7c0e86aa4c762a0ef781ae785c1f20d",
                "interval_2.bed:md5,2c50bcfbc014e4b01320692cd482e73e",
                "MC_24AB06_e04.mosdepth.global.dist.txt:md5,c238d13b4d9f7808dc409ae795529132",
                "MC_24AB06_e04.mosdepth.summary.txt:md5,53282edd59c46f03fa758693542b7c55",
                "MC_24AC01_e02.mosdepth.global.dist.txt:md5,a6bbf6a7089bd34e0d151d6d8d8862c4",
                "MC_24AC01_e02.mosdepth.summary.txt:md5,bca75509b0ce138d78a291297ee0aed2",
                "MC_24AB06_e04_S12_R1.fastp.fastq.gz:md5,bc74f0c299c500e3fbc6b67611fd2d4f",
                "MC_24AB06_e04_S12_R2.fastp.fastq.gz:md5,e87165281208b9041fa0ca2bb87bb1b5",
                "MC_24AC01_e02_S6_R1.fastp.fastq.gz:md5,7e714f0cb624361492bb072b8586f8d1",
                "MC_24AC01_e02_S6_R2.fastp.fastq.gz:md5,8c728088ff00ad4c42849dd4a3d0ca8e",
                "MC_24AB06_e04.stats:md5,7a0bf930437ae6271bd8cdbd87c95a1a",
                "MC_24AC01_e02.stats:md5,e47403e5c6df6b2cd2b8b279119ea2a4",
                "NC_044995.1_Panubis1.0_Chr20.dict:md5,4955d1deb9aa3dc15aaa69ae18d8e1fd",
                "NC_044995.1_Panubis1.0_Chr20.fasta.fai:md5,ba754a7bc3720a2b98acdf8750bd26fa",
                "NC_044995.1_Panubis1.0_Chr20.fasta.0123:md5,8fb198d84815da8ac5ddd78880532ea2",
                "NC_044995.1_Panubis1.0_Chr20.fasta.amb:md5,168bf2d2d8e9d1b71d1aad3580cb068c",
                "NC_044995.1_Panubis1.0_Chr20.fasta.ann:md5,f22fdf584050106921f258f4679f4721",
                "NC_044995.1_Panubis1.0_Chr20.fasta.bwt.2bit.64:md5,1cfeb1b13d1607385f3f69b0f828edc1",
                "NC_044995.1_Panubis1.0_Chr20.fasta.pac:md5,8412c8495a23f5862cb54d39e9c8f90a",
                ".__consolidation_lock:md5,d41d8cd98f00b204e9800998ecf8427e",
                "AD.tdb:md5,50c1c0051868c3fed2a5a6542a626c90",
                "AD_var.tdb:md5,3ac6a2fe5403710f9d440678f95813b6",
                "ALT.tdb:md5,ad7fdaadd92d0cdd156533fb4fb2ee92",
                "ALT_var.tdb:md5,1719077c8d74f729cbefa49ec324ee4a",
                "BaseQRankSum.tdb:md5,f205a478f22b8b3fbef24c66ba6661e3",
                "DP.tdb:md5,e1156996c1dfdd649edd70b071807e81",
                "DP_FORMAT.tdb:md5,d12a5b9c448a2f91b0997742f5ca3933",
                "END.tdb:md5,da079563dc23583b940710aaff498ccf",
                "ExcessHet.tdb:md5,67d391f8a968368543072c3b359d436b",
                "FILTER.tdb:md5,6353ed17ff375c2a26f5ad9c9911f7e9",
                "FILTER_var.tdb:md5,d41d8cd98f00b204e9800998ecf8427e",
                "GQ.tdb:md5,b66ef668173e5e56a45c42c3b5fff6dc",
                "GT.tdb:md5,7d5341a389e6ed52b8aa323577873d5f",
                "GT_var.tdb:md5,c2780910d3ea6a1613c51789f1b5efe9",
                "ID.tdb:md5,6353ed17ff375c2a26f5ad9c9911f7e9",
                "ID_var.tdb:md5,d41d8cd98f00b204e9800998ecf8427e",
                "InbreedingCoeff.tdb:md5,f205a478f22b8b3fbef24c66ba6661e3",
                "MIN_DP.tdb:md5,f79eee5f4286bda48f831ac9ed09c812",
                "MLEAC.tdb:md5,f031b9c159e11b57f2268668a4ba4882",
                "MLEAC_var.tdb:md5,e4258f6a5ecf7dd7a99f42306a64ccb3",
                "MLEAF.tdb:md5,f031b9c159e11b57f2268668a4ba4882",
                "MLEAF_var.tdb:md5,cdc1438547b4309d31fee5c2ecdecb2e",
                "MQRankSum.tdb:md5,f205a478f22b8b3fbef24c66ba6661e3",
                "PGT.tdb:md5,4d829e9131df15a808c521107afd2911",
                "PGT_var.tdb:md5,a1a4d5ea6557c7a8007560da010eb01b",
                "PID.tdb:md5,543122a6906df05497e6b3f195ecf3f1",
                "PID_var.tdb:md5,9087fe5f0158f1b98207e623fbcd620e",
                "PL.tdb:md5,b304d15475338dee26b3b1eb2c5a8283",
                "PL_var.tdb:md5,d32d649f9f11816fffd030941af2191b",
                "PS.tdb:md5,6620d6c20038169a6c787505eeb11517",
                "QUAL.tdb:md5,30fe719ede27624a30bbfbf24bdf7df3",
                "RAW_MQandDP.tdb:md5,6e628f694a2f2295e1456f02cf5e4880",
                "REF.tdb:md5,2a647770b079679657cfb9498ae55bd9",
                "REF_var.tdb:md5,91870becf7e68045a243c67a3a9ca388",
                "ReadPosRankSum.tdb:md5,f205a478f22b8b3fbef24c66ba6661e3",
                "SB.tdb:md5,5d45c4a5ad45167fbf192e558ee32501",
                "__book_keeping.tdb.gz:md5,4e45e75e0ea0fdbdd447b3c3b18c81ae",
                "__coords.tdb:md5,316b8afb36cdfcb7768db374b8da2fe5",
                "__tiledb_fragment.tdb:md5,d41d8cd98f00b204e9800998ecf8427e",
                "__array_schema.tdb:md5,07c5c674078358c98056078305faba6b",
                "genomicsdb_column_bounds.json:md5,baa54653c534d300226d4a5876f8f4d3",
                "genomicsdb_meta_4043ef8a-9a24-4b85-bf57-f7ec3fe047b8.json:md5,d65998127173145d94d773e3350881e5",
                "__tiledb_workspace.tdb:md5,d41d8cd98f00b204e9800998ecf8427e",
                "callset.json:md5,12fb525d08a694d1a61d5dabbe7cc1b0",
                "vidmap.json:md5,a194082caa9c9f1d9c2a0bd14df22377",
                ".__consolidation_lock:md5,d41d8cd98f00b204e9800998ecf8427e",
                "AD.tdb:md5,6b2c639368a7f92427447fd04258ed99",
                "AD_var.tdb:md5,50b5b6cadb5dde5cfa8b8c3f07a76220",
                "ALT.tdb:md5,27f0a6a1afb41c2a9e96e171cbfe56c7",
                "ALT_var.tdb:md5,fe4069639c869812de674f64c903106e",
                "BaseQRankSum.tdb:md5,b49cee52159908e3857839690eb4ef8a",
                "DP.tdb:md5,eb0f61099c3b47f4932a90e16e634389",
                "DP_FORMAT.tdb:md5,1e98683dc3a2ed349432393a450c1db6",
                "END.tdb:md5,38ce3c3ea5aaf38ecc35317788b63c70",
                "ExcessHet.tdb:md5,68b53db2e20ab51edb8ca9e917b5fd8b",
                "FILTER.tdb:md5,fd2f3af8b6df6521a8e54c696493d0f3",
                "FILTER_var.tdb:md5,d41d8cd98f00b204e9800998ecf8427e",
                "GQ.tdb:md5,183b9159944248a07903462bfeab831a",
                "GT.tdb:md5,a187d42abb64e87f439dbc0c752512de",
                "GT_var.tdb:md5,427d450b4c59a4f32711870ca7a05fdb",
                "ID.tdb:md5,fd2f3af8b6df6521a8e54c696493d0f3",
                "ID_var.tdb:md5,d41d8cd98f00b204e9800998ecf8427e",
                "InbreedingCoeff.tdb:md5,b49cee52159908e3857839690eb4ef8a",
                "MIN_DP.tdb:md5,316baac816cc63e4be0b3e22f8e8ded8",
                "MLEAC.tdb:md5,633573e6b451263251703d1ba9a48b26",
                "MLEAC_var.tdb:md5,4d66ab2e45e622d3b98d5963424a1177",
                "MLEAF.tdb:md5,633573e6b451263251703d1ba9a48b26",
                "MLEAF_var.tdb:md5,3c7a2494c2116d1bea6436083b91c56b",
                "MQRankSum.tdb:md5,b49cee52159908e3857839690eb4ef8a",
                "PGT.tdb:md5,b2bfc0ea172643f46c46c579be58af98",
                "PGT_var.tdb:md5,cff833fafaa7197cde11cb53ea4218be",
                "PID.tdb:md5,59d06c6177c2635f94e8d737daf7dd40",
                "PID_var.tdb:md5,85d8bfb4e0c1fbeba65f0e80a285e581",
                "PL.tdb:md5,c751d77f409f9ce8b6da9299c5dc8b7b",
                "PL_var.tdb:md5,7cd30aaac91f1e6a77b4d6ea5118ee41",
                "PS.tdb:md5,0089934bb913f3134593e6f84ff38f99",
                "QUAL.tdb:md5,961d699c826acb5d640ff61b148e06f5",
                "RAW_MQandDP.tdb:md5,852f1786e88c1df28adcd49c39b9a25b",
                "REF.tdb:md5,764927781f519a404ffbe92b71ef5af1",
                "REF_var.tdb:md5,9e85fe809bc0052774f0ab2638e28256",
                "ReadPosRankSum.tdb:md5,b49cee52159908e3857839690eb4ef8a",
                "SB.tdb:md5,94cdf28cd21b76cc8f5dd45f671a489c",
                "__book_keeping.tdb.gz:md5,08c731a727c15259558c42813e94f3b9",
                "__coords.tdb:md5,fc0c732ed34e8832e8c84d62f1b6fab0",
                "__tiledb_fragment.tdb:md5,d41d8cd98f00b204e9800998ecf8427e",
                "__array_schema.tdb:md5,507c3a0f72b0f59fcf1a3cb1ac236eab",
                "genomicsdb_column_bounds.json:md5,e8bb53e8c7f93f48aebe2b3c38301630",
                "genomicsdb_meta_8b9667de-4909-460d-b597-4353e99b8ede.json:md5,d65998127173145d94d773e3350881e5",
                "__tiledb_workspace.tdb:md5,d41d8cd98f00b204e9800998ecf8427e",
                "callset.json:md5,12fb525d08a694d1a61d5dabbe7cc1b0",
                "vidmap.json:md5,a194082caa9c9f1d9c2a0bd14df22377",
                "called_variants.gatk.bcftools_stats.txt:md5,95921d3dcd37bdf8612d04507b98a7e6",
                "versions.yml:md5,f57cefcc31fd318c131f5f30f6a4f284"
            ],
            [
                "bootstrapping",
                "bootstrapping/round_1",
                "bootstrapping/round_1/bqsr",
                "bootstrapping/round_1/bqsr/MC_24AB06_e04_I1_1.table",
                "bootstrapping/round_1/bqsr/MC_24AB06_e04_I2_1.table",
                "bootstrapping/round_1/bqsr/MC_24AB06_e04_S12_1.table",
                "bootstrapping/round_1/bqsr/MC_24AC01_e02_I1_1.table",
                "bootstrapping/round_1/bqsr/MC_24AC01_e02_I2_1.table",
                "bootstrapping/round_1/bqsr/MC_24AC01_e02_S6_1.table",
                "bootstrapping/round_1/bqsr/cram",
                "bootstrapping/round_1/bqsr/cram/MC_24AB06_e04_I1_1.cram",
                "bootstrapping/round_1/bqsr/cram/MC_24AB06_e04_I2_1.cram",
                "bootstrapping/round_1/bqsr/cram/MC_24AC01_e02_I1_1.cram",
                "bootstrapping/round_1/bqsr/cram/MC_24AC01_e02_I2_1.cram",
                "bootstrapping/round_1/bqsr/cram/merged",
                "bootstrapping/round_1/bqsr/cram/merged/MC_24AB06_e04_S12_1_recalibrated.cram",
                "bootstrapping/round_1/bqsr/cram/merged/MC_24AB06_e04_S12_1_recalibrated.cram.crai",
                "bootstrapping/round_1/bqsr/cram/merged/MC_24AC01_e02_S6_1_recalibrated.cram",
                "bootstrapping/round_1/bqsr/cram/merged/MC_24AC01_e02_S6_1_recalibrated.cram.crai",
                "bootstrapping/round_1/bqsr/qc",
                "bootstrapping/round_1/bqsr/qc/MC_24AB06_e04_S12_1.csv",
                "bootstrapping/round_1/bqsr/qc/MC_24AB06_e04_S12_1.pdf",
                "bootstrapping/round_1/bqsr/qc/MC_24AC01_e02_S6_1.csv",
                "bootstrapping/round_1/bqsr/qc/MC_24AC01_e02_S6_1.pdf",
                "bootstrapping/round_1/bqsr/qc/second_pass_bqsr",
                "bootstrapping/round_1/bqsr/qc/second_pass_bqsr/MC_24AB06_e04_S12_1_I1_second_pass.table",
                "bootstrapping/round_1/bqsr/qc/second_pass_bqsr/MC_24AB06_e04_S12_1_I2_second_pass.table",
                "bootstrapping/round_1/bqsr/qc/second_pass_bqsr/MC_24AB06_e04_S12_1_second_pass.table",
                "bootstrapping/round_1/bqsr/qc/second_pass_bqsr/MC_24AC01_e02_S6_1_I1_second_pass.table",
                "bootstrapping/round_1/bqsr/qc/second_pass_bqsr/MC_24AC01_e02_S6_1_I2_second_pass.table",
                "bootstrapping/round_1/bqsr/qc/second_pass_bqsr/MC_24AC01_e02_S6_1_second_pass.table",
                "bootstrapping/round_1/stats",
                "bootstrapping/round_1/stats/called_variants_1.gatk.bcftools_stats.txt",
                "bootstrapping/round_1/variants",
                "bootstrapping/round_1/variants/I1_1_joint.sorted.vcf.gz",
                "bootstrapping/round_1/variants/I1_1_joint.vcf.gz",
                "bootstrapping/round_1/variants/I1_1_joint.vcf.gz.tbi",
                "bootstrapping/round_1/variants/I2_1_joint.sorted.vcf.gz",
                "bootstrapping/round_1/variants/I2_1_joint.vcf.gz",
                "bootstrapping/round_1/variants/I2_1_joint.vcf.gz.tbi",
                "bootstrapping/round_1/variants/MC_24AB06_e04_I1_1_gatk.vcf.gz",
                "bootstrapping/round_1/variants/MC_24AB06_e04_I1_1_gatk.vcf.gz.tbi",
                "bootstrapping/round_1/variants/MC_24AB06_e04_I2_1_gatk.vcf.gz",
                "bootstrapping/round_1/variants/MC_24AB06_e04_I2_1_gatk.vcf.gz.tbi",
                "bootstrapping/round_1/variants/MC_24AC01_e02_I1_1_gatk.vcf.gz",
                "bootstrapping/round_1/variants/MC_24AC01_e02_I1_1_gatk.vcf.gz.tbi",
                "bootstrapping/round_1/variants/MC_24AC01_e02_I2_1_gatk.vcf.gz",
                "bootstrapping/round_1/variants/MC_24AC01_e02_I2_1_gatk.vcf.gz.tbi",
                "bootstrapping/round_1/variants/db",
                "bootstrapping/round_1/variants/db/I1_1_joint",
                "bootstrapping/round_1/variants/db/I2_1_joint",
                "bootstrapping/round_1/variants/filtered",
                "bootstrapping/round_1/variants/filtered/called_variants_1.gatk.filtered.selected.vcf.gz",
                "bootstrapping/round_1/variants/filtered/called_variants_1.gatk.filtered.selected.vcf.gz.tbi",
                "bootstrapping/round_1/variants/filtered/called_variants_1.gatk.filtered.vcf.gz",
                "bootstrapping/round_1/variants/filtered/called_variants_1.gatk.filtered.vcf.gz.tbi",
                "bootstrapping/round_1/variants/merged",
                "bootstrapping/round_1/variants/merged/called_variants_1.gatk.vcf.gz",
                "bootstrapping/round_1/variants/merged/called_variants_1.gatk.vcf.gz.tbi",
                "intervals",
                "intervals/NC_044995.1_Panubis1.0_Chr20.bed",
                "intervals/interval_1.bed",
                "intervals/interval_2.bed",
                "multiqc",
                "multiqc/multiqc_data",
                "multiqc/multiqc_data/bcftools-stats-subtypes.txt",
                "multiqc/multiqc_data/bcftools_stats_indel-lengths.txt",
                "multiqc/multiqc_data/bcftools_stats_variant_depths.txt",
                "multiqc/multiqc_data/bcftools_stats_vqc_Count_Indels.txt",
                "multiqc/multiqc_data/bcftools_stats_vqc_Count_SNP.txt",
                "multiqc/multiqc_data/bcftools_stats_vqc_Count_Transitions.txt",
                "multiqc/multiqc_data/bcftools_stats_vqc_Count_Transversions.txt",
                "multiqc/multiqc_data/fastp-insert-size-plot.txt",
                "multiqc/multiqc_data/fastp-seq-content-gc-plot_Read_1_After_filtering.txt",
                "multiqc/multiqc_data/fastp-seq-content-gc-plot_Read_1_Before_filtering.txt",
                "multiqc/multiqc_data/fastp-seq-content-gc-plot_Read_2_After_filtering.txt",
                "multiqc/multiqc_data/fastp-seq-content-gc-plot_Read_2_Before_filtering.txt",
                "multiqc/multiqc_data/fastp-seq-content-n-plot_Read_1_After_filtering.txt",
                "multiqc/multiqc_data/fastp-seq-content-n-plot_Read_1_Before_filtering.txt",
                "multiqc/multiqc_data/fastp-seq-content-n-plot_Read_2_After_filtering.txt",
                "multiqc/multiqc_data/fastp-seq-content-n-plot_Read_2_Before_filtering.txt",
                "multiqc/multiqc_data/fastp-seq-quality-plot_Read_1_After_filtering.txt",
                "multiqc/multiqc_data/fastp-seq-quality-plot_Read_1_Before_filtering.txt",
                "multiqc/multiqc_data/fastp-seq-quality-plot_Read_2_After_filtering.txt",
                "multiqc/multiqc_data/fastp-seq-quality-plot_Read_2_Before_filtering.txt",
                "multiqc/multiqc_data/fastp_filtered_reads_plot.txt",
                "multiqc/multiqc_data/llms-full.txt",
                "multiqc/multiqc_data/mosdepth-coverage-per-contig-single.txt",
                "multiqc/multiqc_data/mosdepth-cumcoverage-dist-id.txt",
                "multiqc/multiqc_data/mosdepth_cov_dist.txt",
                "multiqc/multiqc_data/mosdepth_cumcov_dist.txt",
                "multiqc/multiqc_data/mosdepth_perchrom.txt",
                "multiqc/multiqc_data/multiqc.log",
                "multiqc/multiqc_data/multiqc.parquet",
                "multiqc/multiqc_data/multiqc_bcftools_stats.txt",
                "multiqc/multiqc_data/multiqc_citations.txt",
                "multiqc/multiqc_data/multiqc_data.json",
                "multiqc/multiqc_data/multiqc_fastp.txt",
                "multiqc/multiqc_data/multiqc_general_stats.txt",
                "multiqc/multiqc_data/multiqc_picard_dups.txt",
                "multiqc/multiqc_data/multiqc_samtools_stats.txt",
                "multiqc/multiqc_data/multiqc_software_versions.txt",
                "multiqc/multiqc_data/multiqc_sources.txt",
                "multiqc/multiqc_data/picard_MarkIlluminaAdapters_histogram.txt",
                "multiqc/multiqc_data/picard_MeanQualityByCycle_histogram.txt",
                "multiqc/multiqc_data/picard_MeanQualityByCycle_histogram_1.txt",
                "multiqc/multiqc_data/picard_QualityScoreDistribution_histogram.txt",
                "multiqc/multiqc_data/picard_deduplication.txt",
                "multiqc/multiqc_data/preseq.txt",
                "multiqc/multiqc_data/preseq_complexity_plot_molecules.txt",
                "multiqc/multiqc_data/samtools-stats-dp.txt",
                "multiqc/multiqc_data/samtools_alignment_plot.txt",
                "multiqc/multiqc_plots",
                "multiqc/multiqc_plots/pdf",
                "multiqc/multiqc_plots/pdf/bcftools-stats-subtypes-cnt.pdf",
                "multiqc/multiqc_plots/pdf/bcftools-stats-subtypes-pct.pdf",
                "multiqc/multiqc_plots/pdf/bcftools_stats_indel-lengths-cnt.pdf",
                "multiqc/multiqc_plots/pdf/bcftools_stats_indel-lengths-log.pdf",
                "multiqc/multiqc_plots/pdf/bcftools_stats_variant_depths.pdf",
                "multiqc/multiqc_plots/pdf/bcftools_stats_vqc_Count_Indels.pdf",
                "multiqc/multiqc_plots/pdf/bcftools_stats_vqc_Count_SNP.pdf",
                "multiqc/multiqc_plots/pdf/bcftools_stats_vqc_Count_Transitions.pdf",
                "multiqc/multiqc_plots/pdf/bcftools_stats_vqc_Count_Transversions.pdf",
                "multiqc/multiqc_plots/pdf/fastp-insert-size-plot.pdf",
                "multiqc/multiqc_plots/pdf/fastp-seq-content-gc-plot_Read_1_After_filtering.pdf",
                "multiqc/multiqc_plots/pdf/fastp-seq-content-gc-plot_Read_1_Before_filtering.pdf",
                "multiqc/multiqc_plots/pdf/fastp-seq-content-gc-plot_Read_2_After_filtering.pdf",
                "multiqc/multiqc_plots/pdf/fastp-seq-content-gc-plot_Read_2_Before_filtering.pdf",
                "multiqc/multiqc_plots/pdf/fastp-seq-content-n-plot_Read_1_After_filtering.pdf",
                "multiqc/multiqc_plots/pdf/fastp-seq-content-n-plot_Read_1_Before_filtering.pdf",
                "multiqc/multiqc_plots/pdf/fastp-seq-content-n-plot_Read_2_After_filtering.pdf",
                "multiqc/multiqc_plots/pdf/fastp-seq-content-n-plot_Read_2_Before_filtering.pdf",
                "multiqc/multiqc_plots/pdf/fastp-seq-quality-plot_Read_1_After_filtering.pdf",
                "multiqc/multiqc_plots/pdf/fastp-seq-quality-plot_Read_1_Before_filtering.pdf",
                "multiqc/multiqc_plots/pdf/fastp-seq-quality-plot_Read_2_After_filtering.pdf",
                "multiqc/multiqc_plots/pdf/fastp-seq-quality-plot_Read_2_Before_filtering.pdf",
                "multiqc/multiqc_plots/pdf/fastp_filtered_reads_plot-cnt.pdf",
                "multiqc/multiqc_plots/pdf/fastp_filtered_reads_plot-pct.pdf",
                "multiqc/multiqc_plots/pdf/mosdepth-coverage-per-contig-single-cnt.pdf",
                "multiqc/multiqc_plots/pdf/mosdepth-coverage-per-contig-single-pct.pdf",
                "multiqc/multiqc_plots/pdf/mosdepth-cumcoverage-dist-id.pdf",
                "multiqc/multiqc_plots/pdf/picard_deduplication-cnt.pdf",
                "multiqc/multiqc_plots/pdf/picard_deduplication-pct.pdf",
                "multiqc/multiqc_plots/pdf/preseq_complexity_plot_molecules.pdf",
                "multiqc/multiqc_plots/pdf/samtools-stats-dp.pdf",
                "multiqc/multiqc_plots/pdf/samtools_alignment_plot-cnt.pdf",
                "multiqc/multiqc_plots/pdf/samtools_alignment_plot-pct.pdf",
                "multiqc/multiqc_plots/png",
                "multiqc/multiqc_plots/png/bcftools-stats-subtypes-cnt.png",
                "multiqc/multiqc_plots/png/bcftools-stats-subtypes-pct.png",
                "multiqc/multiqc_plots/png/bcftools_stats_indel-lengths-cnt.png",
                "multiqc/multiqc_plots/png/bcftools_stats_indel-lengths-log.png",
                "multiqc/multiqc_plots/png/bcftools_stats_variant_depths.png",
                "multiqc/multiqc_plots/png/bcftools_stats_vqc_Count_Indels.png",
                "multiqc/multiqc_plots/png/bcftools_stats_vqc_Count_SNP.png",
                "multiqc/multiqc_plots/png/bcftools_stats_vqc_Count_Transitions.png",
                "multiqc/multiqc_plots/png/bcftools_stats_vqc_Count_Transversions.png",
                "multiqc/multiqc_plots/png/fastp-insert-size-plot.png",
                "multiqc/multiqc_plots/png/fastp-seq-content-gc-plot_Read_1_After_filtering.png",
                "multiqc/multiqc_plots/png/fastp-seq-content-gc-plot_Read_1_Before_filtering.png",
                "multiqc/multiqc_plots/png/fastp-seq-content-gc-plot_Read_2_After_filtering.png",
                "multiqc/multiqc_plots/png/fastp-seq-content-gc-plot_Read_2_Before_filtering.png",
                "multiqc/multiqc_plots/png/fastp-seq-content-n-plot_Read_1_After_filtering.png",
                "multiqc/multiqc_plots/png/fastp-seq-content-n-plot_Read_1_Before_filtering.png",
                "multiqc/multiqc_plots/png/fastp-seq-content-n-plot_Read_2_After_filtering.png",
                "multiqc/multiqc_plots/png/fastp-seq-content-n-plot_Read_2_Before_filtering.png",
                "multiqc/multiqc_plots/png/fastp-seq-quality-plot_Read_1_After_filtering.png",
                "multiqc/multiqc_plots/png/fastp-seq-quality-plot_Read_1_Before_filtering.png",
                "multiqc/multiqc_plots/png/fastp-seq-quality-plot_Read_2_After_filtering.png",
                "multiqc/multiqc_plots/png/fastp-seq-quality-plot_Read_2_Before_filtering.png",
                "multiqc/multiqc_plots/png/fastp_filtered_reads_plot-cnt.png",
                "multiqc/multiqc_plots/png/fastp_filtered_reads_plot-pct.png",
                "multiqc/multiqc_plots/png/mosdepth-coverage-per-contig-single-cnt.png",
                "multiqc/multiqc_plots/png/mosdepth-coverage-per-contig-single-pct.png",
                "multiqc/multiqc_plots/png/mosdepth-cumcoverage-dist-id.png",
                "multiqc/multiqc_plots/png/picard_deduplication-cnt.png",
                "multiqc/multiqc_plots/png/picard_deduplication-pct.png",
                "multiqc/multiqc_plots/png/preseq_complexity_plot_molecules.png",
                "multiqc/multiqc_plots/png/samtools-stats-dp.png",
                "multiqc/multiqc_plots/png/samtools_alignment_plot-cnt.png",
                "multiqc/multiqc_plots/png/samtools_alignment_plot-pct.png",
                "multiqc/multiqc_plots/svg",
                "multiqc/multiqc_plots/svg/bcftools-stats-subtypes-cnt.svg",
                "multiqc/multiqc_plots/svg/bcftools-stats-subtypes-pct.svg",
                "multiqc/multiqc_plots/svg/bcftools_stats_indel-lengths-cnt.svg",
                "multiqc/multiqc_plots/svg/bcftools_stats_indel-lengths-log.svg",
                "multiqc/multiqc_plots/svg/bcftools_stats_variant_depths.svg",
                "multiqc/multiqc_plots/svg/bcftools_stats_vqc_Count_Indels.svg",
                "multiqc/multiqc_plots/svg/bcftools_stats_vqc_Count_SNP.svg",
                "multiqc/multiqc_plots/svg/bcftools_stats_vqc_Count_Transitions.svg",
                "multiqc/multiqc_plots/svg/bcftools_stats_vqc_Count_Transversions.svg",
                "multiqc/multiqc_plots/svg/fastp-insert-size-plot.svg",
                "multiqc/multiqc_plots/svg/fastp-seq-content-gc-plot_Read_1_After_filtering.svg",
                "multiqc/multiqc_plots/svg/fastp-seq-content-gc-plot_Read_1_Before_filtering.svg",
                "multiqc/multiqc_plots/svg/fastp-seq-content-gc-plot_Read_2_After_filtering.svg",
                "multiqc/multiqc_plots/svg/fastp-seq-content-gc-plot_Read_2_Before_filtering.svg",
                "multiqc/multiqc_plots/svg/fastp-seq-content-n-plot_Read_1_After_filtering.svg",
                "multiqc/multiqc_plots/svg/fastp-seq-content-n-plot_Read_1_Before_filtering.svg",
                "multiqc/multiqc_plots/svg/fastp-seq-content-n-plot_Read_2_After_filtering.svg",
                "multiqc/multiqc_plots/svg/fastp-seq-content-n-plot_Read_2_Before_filtering.svg",
                "multiqc/multiqc_plots/svg/fastp-seq-quality-plot_Read_1_After_filtering.svg",
                "multiqc/multiqc_plots/svg/fastp-seq-quality-plot_Read_1_Before_filtering.svg",
                "multiqc/multiqc_plots/svg/fastp-seq-quality-plot_Read_2_After_filtering.svg",
                "multiqc/multiqc_plots/svg/fastp-seq-quality-plot_Read_2_Before_filtering.svg",
                "multiqc/multiqc_plots/svg/fastp_filtered_reads_plot-cnt.svg",
                "multiqc/multiqc_plots/svg/fastp_filtered_reads_plot-pct.svg",
                "multiqc/multiqc_plots/svg/mosdepth-coverage-per-contig-single-cnt.svg",
                "multiqc/multiqc_plots/svg/mosdepth-coverage-per-contig-single-pct.svg",
                "multiqc/multiqc_plots/svg/mosdepth-cumcoverage-dist-id.svg",
                "multiqc/multiqc_plots/svg/picard_deduplication-cnt.svg",
                "multiqc/multiqc_plots/svg/picard_deduplication-pct.svg",
                "multiqc/multiqc_plots/svg/preseq_complexity_plot_molecules.svg",
                "multiqc/multiqc_plots/svg/samtools-stats-dp.svg",
                "multiqc/multiqc_plots/svg/samtools_alignment_plot-cnt.svg",
                "multiqc/multiqc_plots/svg/samtools_alignment_plot-pct.svg",
                "multiqc/multiqc_report.html",
                "pipeline_info",
                "pipeline_info/nf_core_genomicrelatedness_software_mqc_versions.yml",
                "preprocessing",
                "preprocessing/alignment",
                "preprocessing/alignment/bam",
                "preprocessing/alignment/bam/MC_24AB06_e04_S12.bam",
                "preprocessing/alignment/bam/MC_24AB06_e04_S12.rgadded.bam",
                "preprocessing/alignment/bam/MC_24AB06_e04_merged.bam",
                "preprocessing/alignment/bam/MC_24AC01_e02_S6.bam",
                "preprocessing/alignment/bam/MC_24AC01_e02_S6.rgadded.bam",
                "preprocessing/alignment/bam/MC_24AC01_e02_merged.bam",
                "preprocessing/alignment/cram",
                "preprocessing/alignment/cram/MC_24AB06_e04.cram",
                "preprocessing/alignment/cram/MC_24AB06_e04.cram.crai",
                "preprocessing/alignment/cram/MC_24AC01_e02.cram",
                "preprocessing/alignment/cram/MC_24AC01_e02.cram.crai",
                "preprocessing/coverage",
                "preprocessing/coverage/MC_24AB06_e04.mosdepth.global.dist.txt",
                "preprocessing/coverage/MC_24AB06_e04.mosdepth.summary.txt",
                "preprocessing/coverage/MC_24AC01_e02.mosdepth.global.dist.txt",
                "preprocessing/coverage/MC_24AC01_e02.mosdepth.summary.txt",
                "preprocessing/fastp",
                "preprocessing/fastp/MC_24AB06_e04_S12.fastp.html",
                "preprocessing/fastp/MC_24AB06_e04_S12.fastp.json",
                "preprocessing/fastp/MC_24AB06_e04_S12.fastp.log",
                "preprocessing/fastp/MC_24AB06_e04_S12_R1.fastp.fastq.gz",
                "preprocessing/fastp/MC_24AB06_e04_S12_R2.fastp.fastq.gz",
                "preprocessing/fastp/MC_24AC01_e02_S6.fastp.html",
                "preprocessing/fastp/MC_24AC01_e02_S6.fastp.json",
                "preprocessing/fastp/MC_24AC01_e02_S6.fastp.log",
                "preprocessing/fastp/MC_24AC01_e02_S6_R1.fastp.fastq.gz",
                "preprocessing/fastp/MC_24AC01_e02_S6_R2.fastp.fastq.gz",
                "preprocessing/preseq",
                "preprocessing/stats",
                "preprocessing/stats/MC_24AB06_e04.stats",
                "preprocessing/stats/MC_24AC01_e02.stats",
                "reference_genome",
                "reference_genome/NC_044995.1_Panubis1.0_Chr20.dict",
                "reference_genome/NC_044995.1_Panubis1.0_Chr20.fasta.fai",
                "reference_genome/bwamem2",
                "reference_genome/bwamem2/NC_044995.1_Panubis1.0_Chr20.fasta.0123",
                "reference_genome/bwamem2/NC_044995.1_Panubis1.0_Chr20.fasta.amb",
                "reference_genome/bwamem2/NC_044995.1_Panubis1.0_Chr20.fasta.ann",
                "reference_genome/bwamem2/NC_044995.1_Panubis1.0_Chr20.fasta.bwt.2bit.64",
                "reference_genome/bwamem2/NC_044995.1_Panubis1.0_Chr20.fasta.pac",
                "variant_calling",
                "variant_calling/bcftools",
                "variant_calling/bcftools/I1.called.vcf.gz",
                "variant_calling/bcftools/I1.called.vcf.gz.tbi",
                "variant_calling/bcftools/I1.mpileup.vcf.gz",
                "variant_calling/bcftools/I2.called.vcf.gz",
                "variant_calling/bcftools/I2.called.vcf.gz.tbi",
                "variant_calling/bcftools/I2.mpileup.vcf.gz",
                "variant_calling/bcftools/bam",
                "variant_calling/bcftools/bam/MC_24AB06_e04_S12_1.bam",
                "variant_calling/bcftools/bam/MC_24AC01_e02_S6_1.bam",
                "variant_calling/bcftools/merged",
                "variant_calling/bcftools/merged/called_variants.bcftools.vcf.gz",
                "variant_calling/bcftools/merged/called_variants.bcftools.vcf.gz.tbi",
                "variant_calling/gatk",
                "variant_calling/gatk/I1_joint",
                "variant_calling/gatk/I1_joint.sorted.vcf.gz",
                "variant_calling/gatk/I1_joint.vcf.gz",
                "variant_calling/gatk/I1_joint.vcf.gz.tbi",
                "variant_calling/gatk/I1_joint/NC_044995.1$1$25010554",
                "variant_calling/gatk/I1_joint/NC_044995.1$1$25010554/.__consolidation_lock",
                "variant_calling/gatk/I1_joint/NC_044995.1$1$25010554/__5c8d0e21-5c0c-47ee-83c2-4b95950c6a75138480508171968_1769696249451",
                "variant_calling/gatk/I1_joint/NC_044995.1$1$25010554/__5c8d0e21-5c0c-47ee-83c2-4b95950c6a75138480508171968_1769696249451/AD.tdb",
                "variant_calling/gatk/I1_joint/NC_044995.1$1$25010554/__5c8d0e21-5c0c-47ee-83c2-4b95950c6a75138480508171968_1769696249451/AD_var.tdb",
                "variant_calling/gatk/I1_joint/NC_044995.1$1$25010554/__5c8d0e21-5c0c-47ee-83c2-4b95950c6a75138480508171968_1769696249451/ALT.tdb",
                "variant_calling/gatk/I1_joint/NC_044995.1$1$25010554/__5c8d0e21-5c0c-47ee-83c2-4b95950c6a75138480508171968_1769696249451/ALT_var.tdb",
                "variant_calling/gatk/I1_joint/NC_044995.1$1$25010554/__5c8d0e21-5c0c-47ee-83c2-4b95950c6a75138480508171968_1769696249451/BaseQRankSum.tdb",
                "variant_calling/gatk/I1_joint/NC_044995.1$1$25010554/__5c8d0e21-5c0c-47ee-83c2-4b95950c6a75138480508171968_1769696249451/DP.tdb",
                "variant_calling/gatk/I1_joint/NC_044995.1$1$25010554/__5c8d0e21-5c0c-47ee-83c2-4b95950c6a75138480508171968_1769696249451/DP_FORMAT.tdb",
                "variant_calling/gatk/I1_joint/NC_044995.1$1$25010554/__5c8d0e21-5c0c-47ee-83c2-4b95950c6a75138480508171968_1769696249451/END.tdb",
                "variant_calling/gatk/I1_joint/NC_044995.1$1$25010554/__5c8d0e21-5c0c-47ee-83c2-4b95950c6a75138480508171968_1769696249451/ExcessHet.tdb",
                "variant_calling/gatk/I1_joint/NC_044995.1$1$25010554/__5c8d0e21-5c0c-47ee-83c2-4b95950c6a75138480508171968_1769696249451/FILTER.tdb",
                "variant_calling/gatk/I1_joint/NC_044995.1$1$25010554/__5c8d0e21-5c0c-47ee-83c2-4b95950c6a75138480508171968_1769696249451/FILTER_var.tdb",
                "variant_calling/gatk/I1_joint/NC_044995.1$1$25010554/__5c8d0e21-5c0c-47ee-83c2-4b95950c6a75138480508171968_1769696249451/GQ.tdb",
                "variant_calling/gatk/I1_joint/NC_044995.1$1$25010554/__5c8d0e21-5c0c-47ee-83c2-4b95950c6a75138480508171968_1769696249451/GT.tdb",
                "variant_calling/gatk/I1_joint/NC_044995.1$1$25010554/__5c8d0e21-5c0c-47ee-83c2-4b95950c6a75138480508171968_1769696249451/GT_var.tdb",
                "variant_calling/gatk/I1_joint/NC_044995.1$1$25010554/__5c8d0e21-5c0c-47ee-83c2-4b95950c6a75138480508171968_1769696249451/ID.tdb",
                "variant_calling/gatk/I1_joint/NC_044995.1$1$25010554/__5c8d0e21-5c0c-47ee-83c2-4b95950c6a75138480508171968_1769696249451/ID_var.tdb",
                "variant_calling/gatk/I1_joint/NC_044995.1$1$25010554/__5c8d0e21-5c0c-47ee-83c2-4b95950c6a75138480508171968_1769696249451/InbreedingCoeff.tdb",
                "variant_calling/gatk/I1_joint/NC_044995.1$1$25010554/__5c8d0e21-5c0c-47ee-83c2-4b95950c6a75138480508171968_1769696249451/MIN_DP.tdb",
                "variant_calling/gatk/I1_joint/NC_044995.1$1$25010554/__5c8d0e21-5c0c-47ee-83c2-4b95950c6a75138480508171968_1769696249451/MLEAC.tdb",
                "variant_calling/gatk/I1_joint/NC_044995.1$1$25010554/__5c8d0e21-5c0c-47ee-83c2-4b95950c6a75138480508171968_1769696249451/MLEAC_var.tdb",
                "variant_calling/gatk/I1_joint/NC_044995.1$1$25010554/__5c8d0e21-5c0c-47ee-83c2-4b95950c6a75138480508171968_1769696249451/MLEAF.tdb",
                "variant_calling/gatk/I1_joint/NC_044995.1$1$25010554/__5c8d0e21-5c0c-47ee-83c2-4b95950c6a75138480508171968_1769696249451/MLEAF_var.tdb",
                "variant_calling/gatk/I1_joint/NC_044995.1$1$25010554/__5c8d0e21-5c0c-47ee-83c2-4b95950c6a75138480508171968_1769696249451/MQRankSum.tdb",
                "variant_calling/gatk/I1_joint/NC_044995.1$1$25010554/__5c8d0e21-5c0c-47ee-83c2-4b95950c6a75138480508171968_1769696249451/PGT.tdb",
                "variant_calling/gatk/I1_joint/NC_044995.1$1$25010554/__5c8d0e21-5c0c-47ee-83c2-4b95950c6a75138480508171968_1769696249451/PGT_var.tdb",
                "variant_calling/gatk/I1_joint/NC_044995.1$1$25010554/__5c8d0e21-5c0c-47ee-83c2-4b95950c6a75138480508171968_1769696249451/PID.tdb",
                "variant_calling/gatk/I1_joint/NC_044995.1$1$25010554/__5c8d0e21-5c0c-47ee-83c2-4b95950c6a75138480508171968_1769696249451/PID_var.tdb",
                "variant_calling/gatk/I1_joint/NC_044995.1$1$25010554/__5c8d0e21-5c0c-47ee-83c2-4b95950c6a75138480508171968_1769696249451/PL.tdb",
                "variant_calling/gatk/I1_joint/NC_044995.1$1$25010554/__5c8d0e21-5c0c-47ee-83c2-4b95950c6a75138480508171968_1769696249451/PL_var.tdb",
                "variant_calling/gatk/I1_joint/NC_044995.1$1$25010554/__5c8d0e21-5c0c-47ee-83c2-4b95950c6a75138480508171968_1769696249451/PS.tdb",
                "variant_calling/gatk/I1_joint/NC_044995.1$1$25010554/__5c8d0e21-5c0c-47ee-83c2-4b95950c6a75138480508171968_1769696249451/QUAL.tdb",
                "variant_calling/gatk/I1_joint/NC_044995.1$1$25010554/__5c8d0e21-5c0c-47ee-83c2-4b95950c6a75138480508171968_1769696249451/RAW_MQandDP.tdb",
                "variant_calling/gatk/I1_joint/NC_044995.1$1$25010554/__5c8d0e21-5c0c-47ee-83c2-4b95950c6a75138480508171968_1769696249451/REF.tdb",
                "variant_calling/gatk/I1_joint/NC_044995.1$1$25010554/__5c8d0e21-5c0c-47ee-83c2-4b95950c6a75138480508171968_1769696249451/REF_var.tdb",
                "variant_calling/gatk/I1_joint/NC_044995.1$1$25010554/__5c8d0e21-5c0c-47ee-83c2-4b95950c6a75138480508171968_1769696249451/ReadPosRankSum.tdb",
                "variant_calling/gatk/I1_joint/NC_044995.1$1$25010554/__5c8d0e21-5c0c-47ee-83c2-4b95950c6a75138480508171968_1769696249451/SB.tdb",
                "variant_calling/gatk/I1_joint/NC_044995.1$1$25010554/__5c8d0e21-5c0c-47ee-83c2-4b95950c6a75138480508171968_1769696249451/__book_keeping.tdb.gz",
                "variant_calling/gatk/I1_joint/NC_044995.1$1$25010554/__5c8d0e21-5c0c-47ee-83c2-4b95950c6a75138480508171968_1769696249451/__coords.tdb",
                "variant_calling/gatk/I1_joint/NC_044995.1$1$25010554/__5c8d0e21-5c0c-47ee-83c2-4b95950c6a75138480508171968_1769696249451/__tiledb_fragment.tdb",
                "variant_calling/gatk/I1_joint/NC_044995.1$1$25010554/__array_schema.tdb",
                "variant_calling/gatk/I1_joint/NC_044995.1$1$25010554/genomicsdb_meta_dir",
                "variant_calling/gatk/I1_joint/NC_044995.1$1$25010554/genomicsdb_meta_dir/genomicsdb_column_bounds.json",
                "variant_calling/gatk/I1_joint/NC_044995.1$1$25010554/genomicsdb_meta_dir/genomicsdb_meta_4043ef8a-9a24-4b85-bf57-f7ec3fe047b8.json",
                "variant_calling/gatk/I1_joint/__tiledb_workspace.tdb",
                "variant_calling/gatk/I1_joint/callset.json",
                "variant_calling/gatk/I1_joint/vcfheader.vcf",
                "variant_calling/gatk/I1_joint/vidmap.json",
                "variant_calling/gatk/I2_joint",
                "variant_calling/gatk/I2_joint.sorted.vcf.gz",
                "variant_calling/gatk/I2_joint.vcf.gz",
                "variant_calling/gatk/I2_joint.vcf.gz.tbi",
                "variant_calling/gatk/I2_joint/NC_044995.1$25010555$50021108",
                "variant_calling/gatk/I2_joint/NC_044995.1$25010555$50021108/.__consolidation_lock",
                "variant_calling/gatk/I2_joint/NC_044995.1$25010555$50021108/__134293e8-962f-4f24-b3b6-60152f91cdbb133810838566592_1769696249443",
                "variant_calling/gatk/I2_joint/NC_044995.1$25010555$50021108/__134293e8-962f-4f24-b3b6-60152f91cdbb133810838566592_1769696249443/AD.tdb",
                "variant_calling/gatk/I2_joint/NC_044995.1$25010555$50021108/__134293e8-962f-4f24-b3b6-60152f91cdbb133810838566592_1769696249443/AD_var.tdb",
                "variant_calling/gatk/I2_joint/NC_044995.1$25010555$50021108/__134293e8-962f-4f24-b3b6-60152f91cdbb133810838566592_1769696249443/ALT.tdb",
                "variant_calling/gatk/I2_joint/NC_044995.1$25010555$50021108/__134293e8-962f-4f24-b3b6-60152f91cdbb133810838566592_1769696249443/ALT_var.tdb",
                "variant_calling/gatk/I2_joint/NC_044995.1$25010555$50021108/__134293e8-962f-4f24-b3b6-60152f91cdbb133810838566592_1769696249443/BaseQRankSum.tdb",
                "variant_calling/gatk/I2_joint/NC_044995.1$25010555$50021108/__134293e8-962f-4f24-b3b6-60152f91cdbb133810838566592_1769696249443/DP.tdb",
                "variant_calling/gatk/I2_joint/NC_044995.1$25010555$50021108/__134293e8-962f-4f24-b3b6-60152f91cdbb133810838566592_1769696249443/DP_FORMAT.tdb",
                "variant_calling/gatk/I2_joint/NC_044995.1$25010555$50021108/__134293e8-962f-4f24-b3b6-60152f91cdbb133810838566592_1769696249443/END.tdb",
                "variant_calling/gatk/I2_joint/NC_044995.1$25010555$50021108/__134293e8-962f-4f24-b3b6-60152f91cdbb133810838566592_1769696249443/ExcessHet.tdb",
                "variant_calling/gatk/I2_joint/NC_044995.1$25010555$50021108/__134293e8-962f-4f24-b3b6-60152f91cdbb133810838566592_1769696249443/FILTER.tdb",
                "variant_calling/gatk/I2_joint/NC_044995.1$25010555$50021108/__134293e8-962f-4f24-b3b6-60152f91cdbb133810838566592_1769696249443/FILTER_var.tdb",
                "variant_calling/gatk/I2_joint/NC_044995.1$25010555$50021108/__134293e8-962f-4f24-b3b6-60152f91cdbb133810838566592_1769696249443/GQ.tdb",
                "variant_calling/gatk/I2_joint/NC_044995.1$25010555$50021108/__134293e8-962f-4f24-b3b6-60152f91cdbb133810838566592_1769696249443/GT.tdb",
                "variant_calling/gatk/I2_joint/NC_044995.1$25010555$50021108/__134293e8-962f-4f24-b3b6-60152f91cdbb133810838566592_1769696249443/GT_var.tdb",
                "variant_calling/gatk/I2_joint/NC_044995.1$25010555$50021108/__134293e8-962f-4f24-b3b6-60152f91cdbb133810838566592_1769696249443/ID.tdb",
                "variant_calling/gatk/I2_joint/NC_044995.1$25010555$50021108/__134293e8-962f-4f24-b3b6-60152f91cdbb133810838566592_1769696249443/ID_var.tdb",
                "variant_calling/gatk/I2_joint/NC_044995.1$25010555$50021108/__134293e8-962f-4f24-b3b6-60152f91cdbb133810838566592_1769696249443/InbreedingCoeff.tdb",
                "variant_calling/gatk/I2_joint/NC_044995.1$25010555$50021108/__134293e8-962f-4f24-b3b6-60152f91cdbb133810838566592_1769696249443/MIN_DP.tdb",
                "variant_calling/gatk/I2_joint/NC_044995.1$25010555$50021108/__134293e8-962f-4f24-b3b6-60152f91cdbb133810838566592_1769696249443/MLEAC.tdb",
                "variant_calling/gatk/I2_joint/NC_044995.1$25010555$50021108/__134293e8-962f-4f24-b3b6-60152f91cdbb133810838566592_1769696249443/MLEAC_var.tdb",
                "variant_calling/gatk/I2_joint/NC_044995.1$25010555$50021108/__134293e8-962f-4f24-b3b6-60152f91cdbb133810838566592_1769696249443/MLEAF.tdb",
                "variant_calling/gatk/I2_joint/NC_044995.1$25010555$50021108/__134293e8-962f-4f24-b3b6-60152f91cdbb133810838566592_1769696249443/MLEAF_var.tdb",
                "variant_calling/gatk/I2_joint/NC_044995.1$25010555$50021108/__134293e8-962f-4f24-b3b6-60152f91cdbb133810838566592_1769696249443/MQRankSum.tdb",
                "variant_calling/gatk/I2_joint/NC_044995.1$25010555$50021108/__134293e8-962f-4f24-b3b6-60152f91cdbb133810838566592_1769696249443/PGT.tdb",
                "variant_calling/gatk/I2_joint/NC_044995.1$25010555$50021108/__134293e8-962f-4f24-b3b6-60152f91cdbb133810838566592_1769696249443/PGT_var.tdb",
                "variant_calling/gatk/I2_joint/NC_044995.1$25010555$50021108/__134293e8-962f-4f24-b3b6-60152f91cdbb133810838566592_1769696249443/PID.tdb",
                "variant_calling/gatk/I2_joint/NC_044995.1$25010555$50021108/__134293e8-962f-4f24-b3b6-60152f91cdbb133810838566592_1769696249443/PID_var.tdb",
                "variant_calling/gatk/I2_joint/NC_044995.1$25010555$50021108/__134293e8-962f-4f24-b3b6-60152f91cdbb133810838566592_1769696249443/PL.tdb",
                "variant_calling/gatk/I2_joint/NC_044995.1$25010555$50021108/__134293e8-962f-4f24-b3b6-60152f91cdbb133810838566592_1769696249443/PL_var.tdb",
                "variant_calling/gatk/I2_joint/NC_044995.1$25010555$50021108/__134293e8-962f-4f24-b3b6-60152f91cdbb133810838566592_1769696249443/PS.tdb",
                "variant_calling/gatk/I2_joint/NC_044995.1$25010555$50021108/__134293e8-962f-4f24-b3b6-60152f91cdbb133810838566592_1769696249443/QUAL.tdb",
                "variant_calling/gatk/I2_joint/NC_044995.1$25010555$50021108/__134293e8-962f-4f24-b3b6-60152f91cdbb133810838566592_1769696249443/RAW_MQandDP.tdb",
                "variant_calling/gatk/I2_joint/NC_044995.1$25010555$50021108/__134293e8-962f-4f24-b3b6-60152f91cdbb133810838566592_1769696249443/REF.tdb",
                "variant_calling/gatk/I2_joint/NC_044995.1$25010555$50021108/__134293e8-962f-4f24-b3b6-60152f91cdbb133810838566592_1769696249443/REF_var.tdb",
                "variant_calling/gatk/I2_joint/NC_044995.1$25010555$50021108/__134293e8-962f-4f24-b3b6-60152f91cdbb133810838566592_1769696249443/ReadPosRankSum.tdb",
                "variant_calling/gatk/I2_joint/NC_044995.1$25010555$50021108/__134293e8-962f-4f24-b3b6-60152f91cdbb133810838566592_1769696249443/SB.tdb",
                "variant_calling/gatk/I2_joint/NC_044995.1$25010555$50021108/__134293e8-962f-4f24-b3b6-60152f91cdbb133810838566592_1769696249443/__book_keeping.tdb.gz",
                "variant_calling/gatk/I2_joint/NC_044995.1$25010555$50021108/__134293e8-962f-4f24-b3b6-60152f91cdbb133810838566592_1769696249443/__coords.tdb",
                "variant_calling/gatk/I2_joint/NC_044995.1$25010555$50021108/__134293e8-962f-4f24-b3b6-60152f91cdbb133810838566592_1769696249443/__tiledb_fragment.tdb",
                "variant_calling/gatk/I2_joint/NC_044995.1$25010555$50021108/__array_schema.tdb",
                "variant_calling/gatk/I2_joint/NC_044995.1$25010555$50021108/genomicsdb_meta_dir",
                "variant_calling/gatk/I2_joint/NC_044995.1$25010555$50021108/genomicsdb_meta_dir/genomicsdb_column_bounds.json",
                "variant_calling/gatk/I2_joint/NC_044995.1$25010555$50021108/genomicsdb_meta_dir/genomicsdb_meta_8b9667de-4909-460d-b597-4353e99b8ede.json",
                "variant_calling/gatk/I2_joint/__tiledb_workspace.tdb",
                "variant_calling/gatk/I2_joint/callset.json",
                "variant_calling/gatk/I2_joint/vcfheader.vcf",
                "variant_calling/gatk/I2_joint/vidmap.json",
                "variant_calling/gatk/MC_24AB06_e04_S12_1_I1_gatk.vcf.gz",
                "variant_calling/gatk/MC_24AB06_e04_S12_1_I1_gatk.vcf.gz.tbi",
                "variant_calling/gatk/MC_24AB06_e04_S12_1_I2_gatk.vcf.gz",
                "variant_calling/gatk/MC_24AB06_e04_S12_1_I2_gatk.vcf.gz.tbi",
                "variant_calling/gatk/MC_24AC01_e02_S6_1_I1_gatk.vcf.gz",
                "variant_calling/gatk/MC_24AC01_e02_S6_1_I1_gatk.vcf.gz.tbi",
                "variant_calling/gatk/MC_24AC01_e02_S6_1_I2_gatk.vcf.gz",
                "variant_calling/gatk/MC_24AC01_e02_S6_1_I2_gatk.vcf.gz.tbi",
                "variant_calling/gatk/merged",
                "variant_calling/gatk/merged/called_variants.gatk.vcf.gz",
                "variant_calling/gatk/merged/called_variants.gatk.vcf.gz.tbi",
                "variant_calling/gatk/stats",
                "variant_calling/gatk/stats/called_variants.gatk.bcftools_stats.txt",
                "variant_calling/gatk/versions.yml"
            ],
            [
                "MC_24AB06_e04_S12.bam:md5,fc8f8fcf27e13af42cd84e2353499f7f",
                "MC_24AB06_e04_S12.rgadded.bam:md5,fc8f8fcf27e13af42cd84e2353499f7f",
                "MC_24AB06_e04_merged.bam:md5,cee36a5e18615be412bd3a95215b70da",
                "MC_24AC01_e02_S6.bam:md5,227972e5c9e3e5a0d4c9249946f5265c",
                "MC_24AC01_e02_S6.rgadded.bam:md5,227972e5c9e3e5a0d4c9249946f5265c",
                "MC_24AC01_e02_merged.bam:md5,227972e5c9e3e5a0d4c9249946f5265c",
                "MC_24AB06_e04_S12_1.bam:md5,a7372ce2a1bd2fd64f62bb1b306932c5",
                "MC_24AC01_e02_S6_1.bam:md5,44112ca974bba170057086d52164e9f"
            ],
            [
                "MC_24AB06_e04_I1_1.cram",
                "MC_24AB06_e04_I2_1.cram",
                "MC_24AC01_e02_I1_1.cram",
                "MC_24AC01_e02_I2_1.cram",
                "MC_24AB06_e04_S12_1_recalibrated.cram",
                "MC_24AC01_e02_S6_1_recalibrated.cram",
                "MC_24AB06_e04.cram",
                "MC_24AC01_e02.cram"
            ],
            [
                "I1_1_joint.sorted.vcf.gz:md5,4f2cf410d0d9b4b934031587f99e0eaa",
                "I1_1_joint.vcf.gz:md5,bee5ed89e82ec0a392b9fffa818eddb2",
                "I2_1_joint.sorted.vcf.gz:md5,a8957d13e211b55546fede1acf91e36b",
                "I2_1_joint.vcf.gz:md5,bb671751d586415dc3756e83a89517a6",
                "MC_24AB06_e04_I1_1_gatk.vcf.gz:md5,d405c0b37f485ed6a50a509a11e52d93",
                "MC_24AB06_e04_I2_1_gatk.vcf.gz:md5,6e48dcbf108a7fe2ae167077445106d0",
                "MC_24AC01_e02_I1_1_gatk.vcf.gz:md5,96159c43d7c7b522c596833363d70c90",
                "MC_24AC01_e02_I2_1_gatk.vcf.gz:md5,a18d221c2fa7f108030b4edfb3091fa0",
                "vcfheader.vcf:md5,d41d8cd98f00b204e9800998ecf8427e",
                "vcfheader.vcf:md5,d41d8cd98f00b204e9800998ecf8427e",
                "called_variants_1.gatk.filtered.selected.vcf.gz:md5,cbc81ab1344015c0ce8aa4fae1343fad",
                "called_variants_1.gatk.filtered.vcf.gz:md5,a114390d1880ba145d784624e9ea6742",
                "called_variants_1.gatk.vcf.gz:md5,c4ca1cb2162a01359db28ab233697902",
                "I1.called.vcf.gz:md5,679eed290a58786118d6a79f4853e775",
                "I1.mpileup.vcf.gz:md5,856b2d4dc6bbdb0f24ea3c109e3e1b58",
                "I2.called.vcf.gz:md5,d41d8cd98f00b204e9800998ecf8427e",
                "I2.mpileup.vcf.gz:md5,f720652a2a31e4f4e586aebc4b6fcac0",
                "called_variants.bcftools.vcf.gz:md5,679eed290a58786118d6a79f4853e775",
                "I1_joint.sorted.vcf.gz:md5,48dcce54b47aa97993c31fe407fb0b28",
                "I1_joint.vcf.gz:md5,3a7f50123686660cd420144c6f49fc6c",
                "vcfheader.vcf:md5,d41d8cd98f00b204e9800998ecf8427e",
                "I2_joint.sorted.vcf.gz:md5,3787d96a89aaefc1d4497b9610b1ce20",
                "I2_joint.vcf.gz:md5,317d221aa37e2a3bab539cfc03befc0e",
                "vcfheader.vcf:md5,d41d8cd98f00b204e9800998ecf8427e",
                "MC_24AB06_e04_S12_1_I1_gatk.vcf.gz:md5,c41bb196bc2fdb157b73d5a25ac53f6a",
                "MC_24AB06_e04_S12_1_I2_gatk.vcf.gz:md5,677cef65956be966830eac0fee704fb6",
                "MC_24AC01_e02_S6_1_I1_gatk.vcf.gz:md5,d70cb0f1964ece826c3fd6b9e088a680",
                "MC_24AC01_e02_S6_1_I2_gatk.vcf.gz:md5,968f601546bd48df8f7dad7ebde1706a",
                "called_variants.gatk.vcf.gz:md5,ec4e5d7fb29baae2a29fc08b419166a"
            ]
        ],
        "meta": {
            "nf-test": "0.9.3",
            "nextflow": "25.10.3"
        },
        "timestamp": "2026-01-29T15:18:14.796473205"
    }
}