{
    "-profile test_high_conf": {
        "content": [
            {
                "BCFTOOLS_CONCAT": {
                    "bcftools": 1.22
                },
                "BCFTOOLS_INDEX": {
                    "bcftools": 1.22
                },
                "BCFTOOLS_ISEC": {
                    "bcftools": 1.22
                },
                "BCFTOOLS_SORT": {
                    "bcftools": 1.22
                },
                "BCFTOOLS_STATS": {
                    "bcftools": 1.22
                },
                "BUILD_INTERVALS": {
                    "gawk": "5.3.0"
                },
                "BWAMEM2_INDEX": {
                    "bwamem2": "2.2.1"
                },
                "BWAMEM2_MEM": {
                    "bwamem2": "2.2.1",
                    "samtools": "1.22.1"
                },
                "FASTP": {
                    "fastp": "1.0.1"
                },
                "GATK4_ADDORREPLACEREADGROUPS": {
                    "gatk4": "4.6.2.0"
                },
                "GATK4_ANALYZECOVARIATES": {
                    "gatk4": "4.6.2.0"
                },
                "GATK4_APPLYBQSR": {
                    "gatk4": "4.6.2.0"
                },
                "GATK4_BASERECALIBRATOR": {
                    "gatk4": "4.6.2.0"
                },
                "GATK4_CREATESEQUENCEDICTIONARY": {
                    "gatk4": "4.6.2.0"
                },
                "GATK4_GATHERBQSRREPORTS": {
                    "gatk4": "4.6.2.0"
                },
                "GATK4_GENOMICSDBIMPORT": {
                    "gatk4": "4.6.2.0"
                },
                "GATK4_GENOTYPEGVCFS": {
                    "gatk4": "4.6.2.0"
                },
                "GATK4_HAPLOTYPECALLER": {
                    "gatk4": "4.6.2.0"
                },
                "GATK4_MARKDUPLICATES": {
                    "gatk4": "4.6.2.0",
                    "samtools": 1.21
                },
                "GATK4_MERGEVCFS": {
                    "gatk4": "4.6.2.0"
                },
                "MOSDEPTH": {
                    "mosdepth": "0.3.11"
                },
                "PRESEQ_CCURVE": {
                    "preseq": "3.2.0"
                },
                "SAMTOOLS_CONVERT": {
                    "samtools": "1.22.1"
                },
                "SAMTOOLS_FAIDX": {
                    "samtools": "1.22.1"
                },
                "SAMTOOLS_INDEX": {
                    "samtools": "1.22.1"
                },
                "SAMTOOLS_MERGE": {
                    "samtools": "1.22.1"
                },
                "SAMTOOLS_STATS": {
                    "samtools": "1.22.1"
                },
                "VCFTOOLS_THIN": {
                    "vcftools": "0.1.16"
                },
                "Workflow": {
                    "nf-core/genomicrelatedness": "v1.0.0dev"
                }
            },
            [
                "MC_24AB06_e04_S12.csv:md5,c831bc6c527827592672d9abfc65f2ae",
                "MC_24AC01_e02_S6.csv:md5,bbe2c2912fff9d7de8fb8013777d6dc3",
                "interval_1.bed:md5,a7c0e86aa4c762a0ef781ae785c1f20d",
                "interval_2.bed:md5,2c50bcfbc014e4b01320692cd482e73e",
                "reference_genome.bed:md5,e973fbbbd6363c23e1fd972c6f285c9d",
                "MC_24AB06_e04.mosdepth.global.dist.txt:md5,c238d13b4d9f7808dc409ae795529132",
                "MC_24AB06_e04.mosdepth.summary.txt:md5,53282edd59c46f03fa758693542b7c55",
                "MC_24AC01_e02.mosdepth.global.dist.txt:md5,a6bbf6a7089bd34e0d151d6d8d8862c4",
                "MC_24AC01_e02.mosdepth.summary.txt:md5,bca75509b0ce138d78a291297ee0aed2",
                "MC_24AB06_e04_S12_R1.fastp.fastq.gz:md5,bc74f0c299c500e3fbc6b67611fd2d4f",
                "MC_24AB06_e04_S12_R2.fastp.fastq.gz:md5,e87165281208b9041fa0ca2bb87bb1b5",
                "MC_24AC01_e02_S6_R1.fastp.fastq.gz:md5,7e714f0cb624361492bb072b8586f8d1",
                "MC_24AC01_e02_S6_R2.fastp.fastq.gz:md5,8c728088ff00ad4c42849dd4a3d0ca8e",
                "MC_24AB06_e04.stats:md5,447fb190b44d1a5f51ea84b1df4693aa",
                "MC_24AC01_e02.stats:md5,f708349e6f99af6da12c4a4924a9f048",
                "reference_genome.fna.0123:md5,8fb198d84815da8ac5ddd78880532ea2",
                "reference_genome.fna.amb:md5,168bf2d2d8e9d1b71d1aad3580cb068c",
                "reference_genome.fna.ann:md5,f22fdf584050106921f258f4679f4721",
                "reference_genome.fna.bwt.2bit.64:md5,1cfeb1b13d1607385f3f69b0f828edc1",
                "reference_genome.fna.pac:md5,8412c8495a23f5862cb54d39e9c8f90a",
                "reference_genome.dict:md5,cabb8f25303b23f522204dfee09be492",
                "reference_genome.fna.fai:md5,ba754a7bc3720a2b98acdf8750bd26fa",
                "README.txt:md5,9dc1a4ad7cc770ddc79f8fc0bcbc5d1d",
                "sites.txt:md5,f9f7ce0a595da10656518b79b39d6b76",
                "called_variants.gatk.bcftools_stats.txt:md5,1093864d0ec5bfe9e9488330764f975c"
            ],
            [
                "bqsr",
                "bqsr/MC_24AB06_e04_I1.table",
                "bqsr/MC_24AB06_e04_I2.table",
                "bqsr/MC_24AB06_e04_S12.table",
                "bqsr/MC_24AC01_e02_I1.table",
                "bqsr/MC_24AC01_e02_I2.table",
                "bqsr/MC_24AC01_e02_S6.table",
                "bqsr/cram",
                "bqsr/cram/MC_24AB06_e04_I1.cram",
                "bqsr/cram/MC_24AB06_e04_I2.cram",
                "bqsr/cram/MC_24AC01_e02_I1.cram",
                "bqsr/cram/MC_24AC01_e02_I2.cram",
                "bqsr/cram/merged",
                "bqsr/cram/merged/MC_24AB06_e04_S12_recalibrated.cram",
                "bqsr/cram/merged/MC_24AB06_e04_S12_recalibrated.cram.crai",
                "bqsr/cram/merged/MC_24AC01_e02_S6_recalibrated.cram",
                "bqsr/cram/merged/MC_24AC01_e02_S6_recalibrated.cram.crai",
                "bqsr/qc",
                "bqsr/qc/MC_24AB06_e04_S12.csv",
                "bqsr/qc/MC_24AB06_e04_S12.pdf",
                "bqsr/qc/MC_24AC01_e02_S6.csv",
                "bqsr/qc/MC_24AC01_e02_S6.pdf",
                "bqsr/qc/second_pass_bqsr",
                "bqsr/qc/second_pass_bqsr/MC_24AB06_e04_S12_I1_second_pass.table",
                "bqsr/qc/second_pass_bqsr/MC_24AB06_e04_S12_I2_second_pass.table",
                "bqsr/qc/second_pass_bqsr/MC_24AB06_e04_S12_second_pass.table",
                "bqsr/qc/second_pass_bqsr/MC_24AC01_e02_S6_I1_second_pass.table",
                "bqsr/qc/second_pass_bqsr/MC_24AC01_e02_S6_I2_second_pass.table",
                "bqsr/qc/second_pass_bqsr/MC_24AC01_e02_S6_second_pass.table",
                "intervals",
                "intervals/interval_1.bed",
                "intervals/interval_2.bed",
                "intervals/reference_genome.bed",
                "known_variants",
                "known_variants/high_conf.vcf.gz.tbi",
                "multiqc",
                "multiqc/multiqc_data",
                "multiqc/multiqc_data/fastp-insert-size-plot.txt",
                "multiqc/multiqc_data/fastp-seq-content-gc-plot_Read_1_After_filtering.txt",
                "multiqc/multiqc_data/fastp-seq-content-gc-plot_Read_1_Before_filtering.txt",
                "multiqc/multiqc_data/fastp-seq-content-gc-plot_Read_2_After_filtering.txt",
                "multiqc/multiqc_data/fastp-seq-content-gc-plot_Read_2_Before_filtering.txt",
                "multiqc/multiqc_data/fastp-seq-content-n-plot_Read_1_After_filtering.txt",
                "multiqc/multiqc_data/fastp-seq-content-n-plot_Read_1_Before_filtering.txt",
                "multiqc/multiqc_data/fastp-seq-content-n-plot_Read_2_After_filtering.txt",
                "multiqc/multiqc_data/fastp-seq-content-n-plot_Read_2_Before_filtering.txt",
                "multiqc/multiqc_data/fastp-seq-quality-plot_Read_1_After_filtering.txt",
                "multiqc/multiqc_data/fastp-seq-quality-plot_Read_1_Before_filtering.txt",
                "multiqc/multiqc_data/fastp-seq-quality-plot_Read_2_After_filtering.txt",
                "multiqc/multiqc_data/fastp-seq-quality-plot_Read_2_Before_filtering.txt",
                "multiqc/multiqc_data/fastp_filtered_reads_plot.txt",
                "multiqc/multiqc_data/llms-full.txt",
                "multiqc/multiqc_data/mosdepth-coverage-per-contig-single.txt",
                "multiqc/multiqc_data/mosdepth-cumcoverage-dist-id.txt",
                "multiqc/multiqc_data/mosdepth_cov_dist.txt",
                "multiqc/multiqc_data/mosdepth_cumcov_dist.txt",
                "multiqc/multiqc_data/mosdepth_perchrom.txt",
                "multiqc/multiqc_data/multiqc.log",
                "multiqc/multiqc_data/multiqc.parquet",
                "multiqc/multiqc_data/multiqc_bcftools_stats.txt",
                "multiqc/multiqc_data/multiqc_citations.txt",
                "multiqc/multiqc_data/multiqc_data.json",
                "multiqc/multiqc_data/multiqc_fastp.txt",
                "multiqc/multiqc_data/multiqc_general_stats.txt",
                "multiqc/multiqc_data/multiqc_picard_dups.txt",
                "multiqc/multiqc_data/multiqc_samtools_stats.txt",
                "multiqc/multiqc_data/multiqc_software_versions.txt",
                "multiqc/multiqc_data/multiqc_sources.txt",
                "multiqc/multiqc_data/picard_MarkIlluminaAdapters_histogram.txt",
                "multiqc/multiqc_data/picard_MeanQualityByCycle_histogram.txt",
                "multiqc/multiqc_data/picard_MeanQualityByCycle_histogram_1.txt",
                "multiqc/multiqc_data/picard_QualityScoreDistribution_histogram.txt",
                "multiqc/multiqc_data/picard_deduplication.txt",
                "multiqc/multiqc_data/preseq.txt",
                "multiqc/multiqc_data/preseq_complexity_plot_molecules.txt",
                "multiqc/multiqc_data/samtools-stats-dp.txt",
                "multiqc/multiqc_data/samtools_alignment_plot.txt",
                "multiqc/multiqc_plots",
                "multiqc/multiqc_plots/pdf",
                "multiqc/multiqc_plots/pdf/fastp-insert-size-plot.pdf",
                "multiqc/multiqc_plots/pdf/fastp-seq-content-gc-plot_Read_1_After_filtering.pdf",
                "multiqc/multiqc_plots/pdf/fastp-seq-content-gc-plot_Read_1_Before_filtering.pdf",
                "multiqc/multiqc_plots/pdf/fastp-seq-content-gc-plot_Read_2_After_filtering.pdf",
                "multiqc/multiqc_plots/pdf/fastp-seq-content-gc-plot_Read_2_Before_filtering.pdf",
                "multiqc/multiqc_plots/pdf/fastp-seq-content-n-plot_Read_1_After_filtering.pdf",
                "multiqc/multiqc_plots/pdf/fastp-seq-content-n-plot_Read_1_Before_filtering.pdf",
                "multiqc/multiqc_plots/pdf/fastp-seq-content-n-plot_Read_2_After_filtering.pdf",
                "multiqc/multiqc_plots/pdf/fastp-seq-content-n-plot_Read_2_Before_filtering.pdf",
                "multiqc/multiqc_plots/pdf/fastp-seq-quality-plot_Read_1_After_filtering.pdf",
                "multiqc/multiqc_plots/pdf/fastp-seq-quality-plot_Read_1_Before_filtering.pdf",
                "multiqc/multiqc_plots/pdf/fastp-seq-quality-plot_Read_2_After_filtering.pdf",
                "multiqc/multiqc_plots/pdf/fastp-seq-quality-plot_Read_2_Before_filtering.pdf",
                "multiqc/multiqc_plots/pdf/fastp_filtered_reads_plot-cnt.pdf",
                "multiqc/multiqc_plots/pdf/fastp_filtered_reads_plot-pct.pdf",
                "multiqc/multiqc_plots/pdf/mosdepth-coverage-per-contig-single-cnt.pdf",
                "multiqc/multiqc_plots/pdf/mosdepth-coverage-per-contig-single-pct.pdf",
                "multiqc/multiqc_plots/pdf/mosdepth-cumcoverage-dist-id.pdf",
                "multiqc/multiqc_plots/pdf/picard_deduplication-cnt.pdf",
                "multiqc/multiqc_plots/pdf/picard_deduplication-pct.pdf",
                "multiqc/multiqc_plots/pdf/preseq_complexity_plot_molecules.pdf",
                "multiqc/multiqc_plots/pdf/samtools-stats-dp.pdf",
                "multiqc/multiqc_plots/pdf/samtools_alignment_plot-cnt.pdf",
                "multiqc/multiqc_plots/pdf/samtools_alignment_plot-pct.pdf",
                "multiqc/multiqc_plots/png",
                "multiqc/multiqc_plots/png/fastp-insert-size-plot.png",
                "multiqc/multiqc_plots/png/fastp-seq-content-gc-plot_Read_1_After_filtering.png",
                "multiqc/multiqc_plots/png/fastp-seq-content-gc-plot_Read_1_Before_filtering.png",
                "multiqc/multiqc_plots/png/fastp-seq-content-gc-plot_Read_2_After_filtering.png",
                "multiqc/multiqc_plots/png/fastp-seq-content-gc-plot_Read_2_Before_filtering.png",
                "multiqc/multiqc_plots/png/fastp-seq-content-n-plot_Read_1_After_filtering.png",
                "multiqc/multiqc_plots/png/fastp-seq-content-n-plot_Read_1_Before_filtering.png",
                "multiqc/multiqc_plots/png/fastp-seq-content-n-plot_Read_2_After_filtering.png",
                "multiqc/multiqc_plots/png/fastp-seq-content-n-plot_Read_2_Before_filtering.png",
                "multiqc/multiqc_plots/png/fastp-seq-quality-plot_Read_1_After_filtering.png",
                "multiqc/multiqc_plots/png/fastp-seq-quality-plot_Read_1_Before_filtering.png",
                "multiqc/multiqc_plots/png/fastp-seq-quality-plot_Read_2_After_filtering.png",
                "multiqc/multiqc_plots/png/fastp-seq-quality-plot_Read_2_Before_filtering.png",
                "multiqc/multiqc_plots/png/fastp_filtered_reads_plot-cnt.png",
                "multiqc/multiqc_plots/png/fastp_filtered_reads_plot-pct.png",
                "multiqc/multiqc_plots/png/mosdepth-coverage-per-contig-single-cnt.png",
                "multiqc/multiqc_plots/png/mosdepth-coverage-per-contig-single-pct.png",
                "multiqc/multiqc_plots/png/mosdepth-cumcoverage-dist-id.png",
                "multiqc/multiqc_plots/png/picard_deduplication-cnt.png",
                "multiqc/multiqc_plots/png/picard_deduplication-pct.png",
                "multiqc/multiqc_plots/png/preseq_complexity_plot_molecules.png",
                "multiqc/multiqc_plots/png/samtools-stats-dp.png",
                "multiqc/multiqc_plots/png/samtools_alignment_plot-cnt.png",
                "multiqc/multiqc_plots/png/samtools_alignment_plot-pct.png",
                "multiqc/multiqc_plots/svg",
                "multiqc/multiqc_plots/svg/fastp-insert-size-plot.svg",
                "multiqc/multiqc_plots/svg/fastp-seq-content-gc-plot_Read_1_After_filtering.svg",
                "multiqc/multiqc_plots/svg/fastp-seq-content-gc-plot_Read_1_Before_filtering.svg",
                "multiqc/multiqc_plots/svg/fastp-seq-content-gc-plot_Read_2_After_filtering.svg",
                "multiqc/multiqc_plots/svg/fastp-seq-content-gc-plot_Read_2_Before_filtering.svg",
                "multiqc/multiqc_plots/svg/fastp-seq-content-n-plot_Read_1_After_filtering.svg",
                "multiqc/multiqc_plots/svg/fastp-seq-content-n-plot_Read_1_Before_filtering.svg",
                "multiqc/multiqc_plots/svg/fastp-seq-content-n-plot_Read_2_After_filtering.svg",
                "multiqc/multiqc_plots/svg/fastp-seq-content-n-plot_Read_2_Before_filtering.svg",
                "multiqc/multiqc_plots/svg/fastp-seq-quality-plot_Read_1_After_filtering.svg",
                "multiqc/multiqc_plots/svg/fastp-seq-quality-plot_Read_1_Before_filtering.svg",
                "multiqc/multiqc_plots/svg/fastp-seq-quality-plot_Read_2_After_filtering.svg",
                "multiqc/multiqc_plots/svg/fastp-seq-quality-plot_Read_2_Before_filtering.svg",
                "multiqc/multiqc_plots/svg/fastp_filtered_reads_plot-cnt.svg",
                "multiqc/multiqc_plots/svg/fastp_filtered_reads_plot-pct.svg",
                "multiqc/multiqc_plots/svg/mosdepth-coverage-per-contig-single-cnt.svg",
                "multiqc/multiqc_plots/svg/mosdepth-coverage-per-contig-single-pct.svg",
                "multiqc/multiqc_plots/svg/mosdepth-cumcoverage-dist-id.svg",
                "multiqc/multiqc_plots/svg/picard_deduplication-cnt.svg",
                "multiqc/multiqc_plots/svg/picard_deduplication-pct.svg",
                "multiqc/multiqc_plots/svg/preseq_complexity_plot_molecules.svg",
                "multiqc/multiqc_plots/svg/samtools-stats-dp.svg",
                "multiqc/multiqc_plots/svg/samtools_alignment_plot-cnt.svg",
                "multiqc/multiqc_plots/svg/samtools_alignment_plot-pct.svg",
                "multiqc/multiqc_report.html",
                "pipeline_info",
                "pipeline_info/nf_core_genomicrelatedness_software_mqc_versions.yml",
                "preprocessing",
                "preprocessing/alignment",
                "preprocessing/alignment/bam",
                "preprocessing/alignment/bam/bwamem2",
                "preprocessing/alignment/bam/bwamem2/MC_24AB06_e04_S12.bam",
                "preprocessing/alignment/bam/bwamem2/MC_24AC01_e02_S6.bam",
                "preprocessing/alignment/bam/merged",
                "preprocessing/alignment/bam/merged/MC_24AB06_e04_merged.bam",
                "preprocessing/alignment/bam/merged/MC_24AC01_e02_merged.bam",
                "preprocessing/alignment/bam/rgadded",
                "preprocessing/alignment/bam/rgadded/MC_24AB06_e04_S12.rgadded.bam",
                "preprocessing/alignment/bam/rgadded/MC_24AC01_e02_S6.rgadded.bam",
                "preprocessing/alignment/cram",
                "preprocessing/alignment/cram/MC_24AB06_e04.cram",
                "preprocessing/alignment/cram/MC_24AB06_e04.cram.crai",
                "preprocessing/alignment/cram/MC_24AC01_e02.cram",
                "preprocessing/alignment/cram/MC_24AC01_e02.cram.crai",
                "preprocessing/coverage",
                "preprocessing/coverage/MC_24AB06_e04.mosdepth.global.dist.txt",
                "preprocessing/coverage/MC_24AB06_e04.mosdepth.summary.txt",
                "preprocessing/coverage/MC_24AC01_e02.mosdepth.global.dist.txt",
                "preprocessing/coverage/MC_24AC01_e02.mosdepth.summary.txt",
                "preprocessing/fastp",
                "preprocessing/fastp/MC_24AB06_e04_S12.fastp.html",
                "preprocessing/fastp/MC_24AB06_e04_S12.fastp.json",
                "preprocessing/fastp/MC_24AB06_e04_S12.fastp.log",
                "preprocessing/fastp/MC_24AB06_e04_S12_R1.fastp.fastq.gz",
                "preprocessing/fastp/MC_24AB06_e04_S12_R2.fastp.fastq.gz",
                "preprocessing/fastp/MC_24AC01_e02_S6.fastp.html",
                "preprocessing/fastp/MC_24AC01_e02_S6.fastp.json",
                "preprocessing/fastp/MC_24AC01_e02_S6.fastp.log",
                "preprocessing/fastp/MC_24AC01_e02_S6_R1.fastp.fastq.gz",
                "preprocessing/fastp/MC_24AC01_e02_S6_R2.fastp.fastq.gz",
                "preprocessing/preseq",
                "preprocessing/stats",
                "preprocessing/stats/MC_24AB06_e04.stats",
                "preprocessing/stats/MC_24AC01_e02.stats",
                "reference_genome",
                "reference_genome/bwamem2",
                "reference_genome/bwamem2/reference_genome.fna.0123",
                "reference_genome/bwamem2/reference_genome.fna.amb",
                "reference_genome/bwamem2/reference_genome.fna.ann",
                "reference_genome/bwamem2/reference_genome.fna.bwt.2bit.64",
                "reference_genome/bwamem2/reference_genome.fna.pac",
                "reference_genome/reference_genome.dict",
                "reference_genome/reference_genome.fna.fai",
                "relatedness_estimation",
                "relatedness_estimation/intersection",
                "relatedness_estimation/intersection/0000.vcf",
                "relatedness_estimation/intersection/0001.vcf",
                "relatedness_estimation/intersection/0002.vcf",
                "relatedness_estimation/intersection/0003.vcf",
                "relatedness_estimation/intersection/README.txt",
                "relatedness_estimation/intersection/sites.txt",
                "relatedness_estimation/thinned",
                "relatedness_estimation/thinned/called_variants_thinned.recode.vcf",
                "variant_calling",
                "variant_calling/bcftools",
                "variant_calling/bcftools/I1.called.vcf.gz",
                "variant_calling/bcftools/I1.called.vcf.gz.tbi",
                "variant_calling/bcftools/I1.mpileup.vcf.gz",
                "variant_calling/bcftools/I2.called.vcf.gz",
                "variant_calling/bcftools/I2.called.vcf.gz.tbi",
                "variant_calling/bcftools/I2.mpileup.vcf.gz",
                "variant_calling/bcftools/bam",
                "variant_calling/bcftools/bam/MC_24AB06_e04_S12.bam",
                "variant_calling/bcftools/bam/MC_24AC01_e02_S6.bam",
                "variant_calling/bcftools/merged",
                "variant_calling/bcftools/merged/called_variants.bcftools.vcf.gz",
                "variant_calling/bcftools/merged/called_variants.bcftools.vcf.gz.tbi",
                "variant_calling/gatk",
                "variant_calling/gatk/I1_joint.sorted.vcf.gz",
                "variant_calling/gatk/I1_joint.vcf.gz",
                "variant_calling/gatk/I1_joint.vcf.gz.tbi",
                "variant_calling/gatk/I2_joint.sorted.vcf.gz",
                "variant_calling/gatk/I2_joint.vcf.gz",
                "variant_calling/gatk/I2_joint.vcf.gz.tbi",
                "variant_calling/gatk/MC_24AB06_e04_S12_I1_gatk.vcf.gz",
                "variant_calling/gatk/MC_24AB06_e04_S12_I1_gatk.vcf.gz.tbi",
                "variant_calling/gatk/MC_24AB06_e04_S12_I2_gatk.vcf.gz",
                "variant_calling/gatk/MC_24AB06_e04_S12_I2_gatk.vcf.gz.tbi",
                "variant_calling/gatk/MC_24AC01_e02_S6_I1_gatk.vcf.gz",
                "variant_calling/gatk/MC_24AC01_e02_S6_I1_gatk.vcf.gz.tbi",
                "variant_calling/gatk/MC_24AC01_e02_S6_I2_gatk.vcf.gz",
                "variant_calling/gatk/MC_24AC01_e02_S6_I2_gatk.vcf.gz.tbi",
                "variant_calling/gatk/db",
                "variant_calling/gatk/db/I1_joint",
                "variant_calling/gatk/db/I2_joint",
                "variant_calling/gatk/merged",
                "variant_calling/gatk/merged/called_variants.gatk.vcf.gz",
                "variant_calling/gatk/merged/called_variants.gatk.vcf.gz.tbi",
                "variant_calling/gatk/stats",
                "variant_calling/gatk/stats/called_variants.gatk.bcftools_stats.txt"
            ]
        ],
        "meta": {
            "nf-test": "0.9.3",
            "nextflow": "25.10.3"
        },
        "timestamp": "2026-02-11T15:53:17.399278594"
    }
}