{
    "test-gatk4-gathervcfs": {
        "content": [
            {
                "0": [
                    
                ],
                "1": [
                    
                ],
                "vcf": [
                    
                ],
                "versions": [
                    
                ]
            }
        ],
        "meta": {
            "nf-test": "0.9.3",
            "nextflow": "25.10.3"
        },
        "timestamp": "2026-02-11T09:31:17.253294159"
    }
}