{
    "guinea-fowl - vcf.gz": {
        "content": [
            "relatedness.res",
            [
                [
                    "ANGSD_NGSRELATE",
                    "ngsrelate",
                    "2.0"
                ]
            ]
        ],
        "timestamp": "2026-03-12T10:08:30.322165562",
        "meta": {
            "nf-test": "0.9.4",
            "nextflow": "25.10.4"
        }
    },
    "guinea-fowl - vcf.gz - stub": {
        "content": [
            "relatedness.res",
            [
                [
                    "ANGSD_NGSRELATE",
                    "ngsrelate",
                    "2.0"
                ]
            ]
        ],
        "timestamp": "2026-03-12T10:08:34.45323308",
        "meta": {
            "nf-test": "0.9.4",
            "nextflow": "25.10.4"
        }
    }
}