{
    "test-bcftools-call": {
        "content": [
            [
                [
                    {
                        "id": "test"
                    },
                    "test_vcf.vcf.gz.tbi:md5,4cb176febbc8c26d717a6c6e67b9c905"
                ]
            ],
            "test_vcf.vcf.gz",
            [
                "versions.yml:md5,d6d38666808b8e56107d8d845abf97cb"
            ]
        ],
        "timestamp": "2026-02-16T11:11:39.753163389",
        "meta": {
            "nf-test": "0.9.4",
            "nextflow": "25.10.4"
        }
    }
}